# Icelandic MIM-GOLD Corpus
#
# Source: http://www.malfong.is/index.php?lang=en&pg=gull
#
# Catch-all rule
*=de.tudarmstadt.ukp.dkpro.core.api.lexmorph.type.pos.O

lhfþvm=de.tudarmstadt.ukp.dkpro.core.api.lexmorph.type.pos.ADJ
lvfþve=de.tudarmstadt.ukp.dkpro.core.api.lexmorph.type.pos.ADJ
lkfnof=de.tudarmstadt.ukp.dkpro.core.api.lexmorph.type.pos.ADJ
lkeesf=de.tudarmstadt.ukp.dkpro.core.api.lexmorph.type.pos.ADJ
lkfove=de.tudarmstadt.ukp.dkpro.core.api.lexmorph.type.pos.ADJ
lhfþve=de.tudarmstadt.ukp.dkpro.core.api.lexmorph.type.pos.ADJ
lkfþvm=de.tudarmstadt.ukp.dkpro.core.api.lexmorph.type.pos.ADJ
lkfnse=de.tudarmstadt.ukp.dkpro.core.api.lexmorph.type.pos.ADJ
lvenof=de.tudarmstadt.ukp.dkpro.core.api.lexmorph.type.pos.ADJ
lvfnvm=de.tudarmstadt.ukp.dkpro.core.api.lexmorph.type.pos.ADJ
lkfþve=de.tudarmstadt.ukp.dkpro.core.api.lexmorph.type.pos.ADJ
lkensf=de.tudarmstadt.ukp.dkpro.core.api.lexmorph.type.pos.ADJ
lhfnve=de.tudarmstadt.ukp.dkpro.core.api.lexmorph.type.pos.ADJ
lvense=de.tudarmstadt.ukp.dkpro.core.api.lexmorph.type.pos.ADJ
lkfþse=de.tudarmstadt.ukp.dkpro.core.api.lexmorph.type.pos.ADJ
lkfnvm=de.tudarmstadt.ukp.dkpro.core.api.lexmorph.type.pos.ADJ
lhfþsf=de.tudarmstadt.ukp.dkpro.core.api.lexmorph.type.pos.ADJ
lhfnof=de.tudarmstadt.ukp.dkpro.core.api.lexmorph.type.pos.ADJ
lheovf=de.tudarmstadt.ukp.dkpro.core.api.lexmorph.type.pos.ADJ
lheoof=de.tudarmstadt.ukp.dkpro.core.api.lexmorph.type.pos.ADJ
lhfoof=de.tudarmstadt.ukp.dkpro.core.api.lexmorph.type.pos.ADJ
lveþvm=de.tudarmstadt.ukp.dkpro.core.api.lexmorph.type.pos.ADJ
lhfnse=de.tudarmstadt.ukp.dkpro.core.api.lexmorph.type.pos.ADJ
lheevm=de.tudarmstadt.ukp.dkpro.core.api.lexmorph.type.pos.ADJ
lheevf=de.tudarmstadt.ukp.dkpro.core.api.lexmorph.type.pos.ADJ
lvfeof=de.tudarmstadt.ukp.dkpro.core.api.lexmorph.type.pos.ADJ
lheosf=de.tudarmstadt.ukp.dkpro.core.api.lexmorph.type.pos.ADJ
lhfnsf=de.tudarmstadt.ukp.dkpro.core.api.lexmorph.type.pos.ADJ
lhfeve=de.tudarmstadt.ukp.dkpro.core.api.lexmorph.type.pos.ADJ
lhensf=de.tudarmstadt.ukp.dkpro.core.api.lexmorph.type.pos.ADJ
lvfnof=de.tudarmstadt.ukp.dkpro.core.api.lexmorph.type.pos.ADJ
lvfoof=de.tudarmstadt.ukp.dkpro.core.api.lexmorph.type.pos.ADJ
lvenvm=de.tudarmstadt.ukp.dkpro.core.api.lexmorph.type.pos.ADJ
lkfosf=de.tudarmstadt.ukp.dkpro.core.api.lexmorph.type.pos.ADJ
lkeove=de.tudarmstadt.ukp.dkpro.core.api.lexmorph.type.pos.ADJ
lveþvf=de.tudarmstadt.ukp.dkpro.core.api.lexmorph.type.pos.ADJ
lveesf=de.tudarmstadt.ukp.dkpro.core.api.lexmorph.type.pos.ADJ
lhenve=de.tudarmstadt.ukp.dkpro.core.api.lexmorph.type.pos.ADJ
lheovm=de.tudarmstadt.ukp.dkpro.core.api.lexmorph.type.pos.ADJ
lvfþse=de.tudarmstadt.ukp.dkpro.core.api.lexmorph.type.pos.ADJ
lhfevf=de.tudarmstadt.ukp.dkpro.core.api.lexmorph.type.pos.ADJ
lhense=de.tudarmstadt.ukp.dkpro.core.api.lexmorph.type.pos.ADJ
lveovf=de.tudarmstadt.ukp.dkpro.core.api.lexmorph.type.pos.ADJ
lheþse=de.tudarmstadt.ukp.dkpro.core.api.lexmorph.type.pos.ADJ
lkenve=de.tudarmstadt.ukp.dkpro.core.api.lexmorph.type.pos.ADJ
lkfovm=de.tudarmstadt.ukp.dkpro.core.api.lexmorph.type.pos.ADJ
lkenvf=de.tudarmstadt.ukp.dkpro.core.api.lexmorph.type.pos.ADJ
lvfevf=de.tudarmstadt.ukp.dkpro.core.api.lexmorph.type.pos.ADJ
lkeeve=de.tudarmstadt.ukp.dkpro.core.api.lexmorph.type.pos.ADJ
lkfnvf=de.tudarmstadt.ukp.dkpro.core.api.lexmorph.type.pos.ADJ
lkeovm=de.tudarmstadt.ukp.dkpro.core.api.lexmorph.type.pos.ADJ
lhfesf=de.tudarmstadt.ukp.dkpro.core.api.lexmorph.type.pos.ADJ
lvfose=de.tudarmstadt.ukp.dkpro.core.api.lexmorph.type.pos.ADJ
lkenof=de.tudarmstadt.ukp.dkpro.core.api.lexmorph.type.pos.ADJ
lvfnse=de.tudarmstadt.ukp.dkpro.core.api.lexmorph.type.pos.ADJ
lhfovf=de.tudarmstadt.ukp.dkpro.core.api.lexmorph.type.pos.ADJ
lveþve=de.tudarmstadt.ukp.dkpro.core.api.lexmorph.type.pos.ADJ
lvfosf=de.tudarmstadt.ukp.dkpro.core.api.lexmorph.type.pos.ADJ
lkeþof=de.tudarmstadt.ukp.dkpro.core.api.lexmorph.type.pos.ADJ
lheeve=de.tudarmstadt.ukp.dkpro.core.api.lexmorph.type.pos.ADJ
lkeþvm=de.tudarmstadt.ukp.dkpro.core.api.lexmorph.type.pos.ADJ
lkfþvf=de.tudarmstadt.ukp.dkpro.core.api.lexmorph.type.pos.ADJ
lkeþse=de.tudarmstadt.ukp.dkpro.core.api.lexmorph.type.pos.ADJ
lvfevm=de.tudarmstadt.ukp.dkpro.core.api.lexmorph.type.pos.ADJ
lkeosf=de.tudarmstadt.ukp.dkpro.core.api.lexmorph.type.pos.ADJ
lveosf=de.tudarmstadt.ukp.dkpro.core.api.lexmorph.type.pos.ADJ
lveoof=de.tudarmstadt.ukp.dkpro.core.api.lexmorph.type.pos.ADJ
lvfovf=de.tudarmstadt.ukp.dkpro.core.api.lexmorph.type.pos.ADJ
lvfþvf=de.tudarmstadt.ukp.dkpro.core.api.lexmorph.type.pos.ADJ
lkfeve=de.tudarmstadt.ukp.dkpro.core.api.lexmorph.type.pos.ADJ
lvensf=de.tudarmstadt.ukp.dkpro.core.api.lexmorph.type.pos.ADJ
lkfevf=de.tudarmstadt.ukp.dkpro.core.api.lexmorph.type.pos.ADJ
lkfþof=de.tudarmstadt.ukp.dkpro.core.api.lexmorph.type.pos.ADJ
lhfnvf=de.tudarmstadt.ukp.dkpro.core.api.lexmorph.type.pos.ADJ
lvfþsf=de.tudarmstadt.ukp.dkpro.core.api.lexmorph.type.pos.ADJ
lhenvm=de.tudarmstadt.ukp.dkpro.core.api.lexmorph.type.pos.ADJ
lvfnsf=de.tudarmstadt.ukp.dkpro.core.api.lexmorph.type.pos.ADJ
lhfþvf=de.tudarmstadt.ukp.dkpro.core.api.lexmorph.type.pos.ADJ
lvfnve=de.tudarmstadt.ukp.dkpro.core.api.lexmorph.type.pos.ADJ
lhenof=de.tudarmstadt.ukp.dkpro.core.api.lexmorph.type.pos.ADJ
lvfþof=de.tudarmstadt.ukp.dkpro.core.api.lexmorph.type.pos.ADJ
lveeve=de.tudarmstadt.ukp.dkpro.core.api.lexmorph.type.pos.ADJ
lheþvm=de.tudarmstadt.ukp.dkpro.core.api.lexmorph.type.pos.ADJ
lhfþse=de.tudarmstadt.ukp.dkpro.core.api.lexmorph.type.pos.ADJ
lhfeof=de.tudarmstadt.ukp.dkpro.core.api.lexmorph.type.pos.ADJ
lhfove=de.tudarmstadt.ukp.dkpro.core.api.lexmorph.type.pos.ADJ
lkfnsf=de.tudarmstadt.ukp.dkpro.core.api.lexmorph.type.pos.ADJ
lkfesf=de.tudarmstadt.ukp.dkpro.core.api.lexmorph.type.pos.ADJ
lvfþvm=de.tudarmstadt.ukp.dkpro.core.api.lexmorph.type.pos.ADJ
lveevm=de.tudarmstadt.ukp.dkpro.core.api.lexmorph.type.pos.ADJ
lkfþsf=de.tudarmstadt.ukp.dkpro.core.api.lexmorph.type.pos.ADJ
lkfeof=de.tudarmstadt.ukp.dkpro.core.api.lexmorph.type.pos.ADJ
lheesf=de.tudarmstadt.ukp.dkpro.core.api.lexmorph.type.pos.ADJ
lhfosf=de.tudarmstadt.ukp.dkpro.core.api.lexmorph.type.pos.ADJ
lhfþof=de.tudarmstadt.ukp.dkpro.core.api.lexmorph.type.pos.ADJ
lkeþvf=de.tudarmstadt.ukp.dkpro.core.api.lexmorph.type.pos.ADJ
lhenvf=de.tudarmstadt.ukp.dkpro.core.api.lexmorph.type.pos.ADJ
lheeof=de.tudarmstadt.ukp.dkpro.core.api.lexmorph.type.pos.ADJ
lvfesf=de.tudarmstadt.ukp.dkpro.core.api.lexmorph.type.pos.ADJ
lveþof=de.tudarmstadt.ukp.dkpro.core.api.lexmorph.type.pos.ADJ
lheove=de.tudarmstadt.ukp.dkpro.core.api.lexmorph.type.pos.ADJ
lkfnve=de.tudarmstadt.ukp.dkpro.core.api.lexmorph.type.pos.ADJ
lhfovm=de.tudarmstadt.ukp.dkpro.core.api.lexmorph.type.pos.ADJ
lveeof=de.tudarmstadt.ukp.dkpro.core.api.lexmorph.type.pos.ADJ
lkeevm=de.tudarmstadt.ukp.dkpro.core.api.lexmorph.type.pos.ADJ
lkfovf=de.tudarmstadt.ukp.dkpro.core.api.lexmorph.type.pos.ADJ
lkeþsf=de.tudarmstadt.ukp.dkpro.core.api.lexmorph.type.pos.ADJ
lkeevf=de.tudarmstadt.ukp.dkpro.core.api.lexmorph.type.pos.ADJ
lvenve=de.tudarmstadt.ukp.dkpro.core.api.lexmorph.type.pos.ADJ
lvfovm=de.tudarmstadt.ukp.dkpro.core.api.lexmorph.type.pos.ADJ
lkfese=de.tudarmstadt.ukp.dkpro.core.api.lexmorph.type.pos.ADJ
lkfoof=de.tudarmstadt.ukp.dkpro.core.api.lexmorph.type.pos.ADJ
lkfþsm=de.tudarmstadt.ukp.dkpro.core.api.lexmorph.type.pos.ADJ
lvfese=de.tudarmstadt.ukp.dkpro.core.api.lexmorph.type.pos.ADJ
lveose=de.tudarmstadt.ukp.dkpro.core.api.lexmorph.type.pos.ADJ
lkeeof=de.tudarmstadt.ukp.dkpro.core.api.lexmorph.type.pos.ADJ
lhfnvm=de.tudarmstadt.ukp.dkpro.core.api.lexmorph.type.pos.ADJ
lkfevm=de.tudarmstadt.ukp.dkpro.core.api.lexmorph.type.pos.ADJ
lveovm=de.tudarmstadt.ukp.dkpro.core.api.lexmorph.type.pos.ADJ
l=de.tudarmstadt.ukp.dkpro.core.api.lexmorph.type.pos.ADJ
lheþof=de.tudarmstadt.ukp.dkpro.core.api.lexmorph.type.pos.ADJ
lveþsf=de.tudarmstadt.ukp.dkpro.core.api.lexmorph.type.pos.ADJ
lheose=de.tudarmstadt.ukp.dkpro.core.api.lexmorph.type.pos.ADJ
lkeþve=de.tudarmstadt.ukp.dkpro.core.api.lexmorph.type.pos.ADJ
lvfove=de.tudarmstadt.ukp.dkpro.core.api.lexmorph.type.pos.ADJ
lkeoof=de.tudarmstadt.ukp.dkpro.core.api.lexmorph.type.pos.ADJ
lkenvm=de.tudarmstadt.ukp.dkpro.core.api.lexmorph.type.pos.ADJ
lvenvf=de.tudarmstadt.ukp.dkpro.core.api.lexmorph.type.pos.ADJ
lheþsf=de.tudarmstadt.ukp.dkpro.core.api.lexmorph.type.pos.ADJ
lvfeve=de.tudarmstadt.ukp.dkpro.core.api.lexmorph.type.pos.ADJ
lkeovf=de.tudarmstadt.ukp.dkpro.core.api.lexmorph.type.pos.ADJ
lkfose=de.tudarmstadt.ukp.dkpro.core.api.lexmorph.type.pos.ADJ
lveevf=de.tudarmstadt.ukp.dkpro.core.api.lexmorph.type.pos.ADJ
lveove=de.tudarmstadt.ukp.dkpro.core.api.lexmorph.type.pos.ADJ
lheþvf=de.tudarmstadt.ukp.dkpro.core.api.lexmorph.type.pos.ADJ
lhfevm=de.tudarmstadt.ukp.dkpro.core.api.lexmorph.type.pos.ADJ
lheþve=de.tudarmstadt.ukp.dkpro.core.api.lexmorph.type.pos.ADJ
lvfnvf=de.tudarmstadt.ukp.dkpro.core.api.lexmorph.type.pos.ADJ
lkense=de.tudarmstadt.ukp.dkpro.core.api.lexmorph.type.pos.ADJ
aa=de.tudarmstadt.ukp.dkpro.core.api.lexmorph.type.pos.ADV
aþe=de.tudarmstadt.ukp.dkpro.core.api.lexmorph.type.pos.ADV
aam=de.tudarmstadt.ukp.dkpro.core.api.lexmorph.type.pos.ADV
as=de.tudarmstadt.ukp.dkpro.core.api.lexmorph.type.pos.ADV
au=de.tudarmstadt.ukp.dkpro.core.api.lexmorph.type.pos.ADV
ae=de.tudarmstadt.ukp.dkpro.core.api.lexmorph.type.pos.ADV
aþm=de.tudarmstadt.ukp.dkpro.core.api.lexmorph.type.pos.ADV
aae=de.tudarmstadt.ukp.dkpro.core.api.lexmorph.type.pos.ADV
aþ=de.tudarmstadt.ukp.dkpro.core.api.lexmorph.type.pos.ADV
ao=de.tudarmstadt.ukp.dkpro.core.api.lexmorph.type.pos.ADV
ghfn=de.tudarmstadt.ukp.dkpro.core.api.lexmorph.type.pos.ART
ghfþ=de.tudarmstadt.ukp.dkpro.core.api.lexmorph.type.pos.ART
gkfe=de.tudarmstadt.ukp.dkpro.core.api.lexmorph.type.pos.ART
gheþ=de.tudarmstadt.ukp.dkpro.core.api.lexmorph.type.pos.ART
gken=de.tudarmstadt.ukp.dkpro.core.api.lexmorph.type.pos.ART
ghen=de.tudarmstadt.ukp.dkpro.core.api.lexmorph.type.pos.ART
gvfo=de.tudarmstadt.ukp.dkpro.core.api.lexmorph.type.pos.ART
gvfn=de.tudarmstadt.ukp.dkpro.core.api.lexmorph.type.pos.ART
gkee=de.tudarmstadt.ukp.dkpro.core.api.lexmorph.type.pos.ART
gheo=de.tudarmstadt.ukp.dkpro.core.api.lexmorph.type.pos.ART
gkeþ=de.tudarmstadt.ukp.dkpro.core.api.lexmorph.type.pos.ART
gkeo=de.tudarmstadt.ukp.dkpro.core.api.lexmorph.type.pos.ART
gkfþ=de.tudarmstadt.ukp.dkpro.core.api.lexmorph.type.pos.ART
gveo=de.tudarmstadt.ukp.dkpro.core.api.lexmorph.type.pos.ART
gkfo=de.tudarmstadt.ukp.dkpro.core.api.lexmorph.type.pos.ART
gven=de.tudarmstadt.ukp.dkpro.core.api.lexmorph.type.pos.ART
gvee=de.tudarmstadt.ukp.dkpro.core.api.lexmorph.type.pos.ART
gkfn=de.tudarmstadt.ukp.dkpro.core.api.lexmorph.type.pos.ART
gvfe=de.tudarmstadt.ukp.dkpro.core.api.lexmorph.type.pos.ART
gveþ=de.tudarmstadt.ukp.dkpro.core.api.lexmorph.type.pos.ART
gvfþ=de.tudarmstadt.ukp.dkpro.core.api.lexmorph.type.pos.ART
ghee=de.tudarmstadt.ukp.dkpro.core.api.lexmorph.type.pos.ART
tp=de.tudarmstadt.ukp.dkpro.core.api.lexmorph.type.pos.CARD
tfkfo=de.tudarmstadt.ukp.dkpro.core.api.lexmorph.type.pos.CARD
tfkee=de.tudarmstadt.ukp.dkpro.core.api.lexmorph.type.pos.CARD
tfvee=de.tudarmstadt.ukp.dkpro.core.api.lexmorph.type.pos.CARD
tfkfn=de.tudarmstadt.ukp.dkpro.core.api.lexmorph.type.pos.CARD
tfhfn=de.tudarmstadt.ukp.dkpro.core.api.lexmorph.type.pos.CARD
ta=de.tudarmstadt.ukp.dkpro.core.api.lexmorph.type.pos.CARD
tfvfn=de.tudarmstadt.ukp.dkpro.core.api.lexmorph.type.pos.CARD
tfkeþ=de.tudarmstadt.ukp.dkpro.core.api.lexmorph.type.pos.CARD
tfvfþ=de.tudarmstadt.ukp.dkpro.core.api.lexmorph.type.pos.CARD
tfveo=de.tudarmstadt.ukp.dkpro.core.api.lexmorph.type.pos.CARD
tfhfe=de.tudarmstadt.ukp.dkpro.core.api.lexmorph.type.pos.CARD
tfhfo=de.tudarmstadt.ukp.dkpro.core.api.lexmorph.type.pos.CARD
tfkfe=de.tudarmstadt.ukp.dkpro.core.api.lexmorph.type.pos.CARD
tfheþ=de.tudarmstadt.ukp.dkpro.core.api.lexmorph.type.pos.CARD
tekeo=de.tudarmstadt.ukp.dkpro.core.api.lexmorph.type.pos.CARD
tfvfe=de.tudarmstadt.ukp.dkpro.core.api.lexmorph.type.pos.CARD
to=de.tudarmstadt.ukp.dkpro.core.api.lexmorph.type.pos.CARD
tfkeo=de.tudarmstadt.ukp.dkpro.core.api.lexmorph.type.pos.CARD
tfken=de.tudarmstadt.ukp.dkpro.core.api.lexmorph.type.pos.CARD
tfven=de.tudarmstadt.ukp.dkpro.core.api.lexmorph.type.pos.CARD
tfkfþ=de.tudarmstadt.ukp.dkpro.core.api.lexmorph.type.pos.CARD
tfhfþ=de.tudarmstadt.ukp.dkpro.core.api.lexmorph.type.pos.CARD
tfveþ=de.tudarmstadt.ukp.dkpro.core.api.lexmorph.type.pos.CARD
tfvfo=de.tudarmstadt.ukp.dkpro.core.api.lexmorph.type.pos.CARD
tfhen=de.tudarmstadt.ukp.dkpro.core.api.lexmorph.type.pos.CARD
tfheo=de.tudarmstadt.ukp.dkpro.core.api.lexmorph.type.pos.CARD
c=de.tudarmstadt.ukp.dkpro.core.api.lexmorph.type.pos.CONJ
cn=de.tudarmstadt.ukp.dkpro.core.api.lexmorph.type.pos.CONJ
ct=de.tudarmstadt.ukp.dkpro.core.api.lexmorph.type.pos.CONJ
nveo=de.tudarmstadt.ukp.dkpro.core.api.lexmorph.type.pos.NN
nhfn=de.tudarmstadt.ukp.dkpro.core.api.lexmorph.type.pos.NN
nheog=de.tudarmstadt.ukp.dkpro.core.api.lexmorph.type.pos.NN
nkeng=de.tudarmstadt.ukp.dkpro.core.api.lexmorph.type.pos.NN
nveþg=de.tudarmstadt.ukp.dkpro.core.api.lexmorph.type.pos.NN
nhfþ=de.tudarmstadt.ukp.dkpro.core.api.lexmorph.type.pos.NN
nhen=de.tudarmstadt.ukp.dkpro.core.api.lexmorph.type.pos.NN
nkfng=de.tudarmstadt.ukp.dkpro.core.api.lexmorph.type.pos.NN
nhfo=de.tudarmstadt.ukp.dkpro.core.api.lexmorph.type.pos.NN
nkeþ=de.tudarmstadt.ukp.dkpro.core.api.lexmorph.type.pos.NN
nvfþ=de.tudarmstadt.ukp.dkpro.core.api.lexmorph.type.pos.NN
nkfe=de.tudarmstadt.ukp.dkpro.core.api.lexmorph.type.pos.NN
nkfog=de.tudarmstadt.ukp.dkpro.core.api.lexmorph.type.pos.NN
nheþg=de.tudarmstadt.ukp.dkpro.core.api.lexmorph.type.pos.NN
nvfþg=de.tudarmstadt.ukp.dkpro.core.api.lexmorph.type.pos.NN
nx=de.tudarmstadt.ukp.dkpro.core.api.lexmorph.type.pos.NN
nvfng=de.tudarmstadt.ukp.dkpro.core.api.lexmorph.type.pos.NN
nkeo=de.tudarmstadt.ukp.dkpro.core.api.lexmorph.type.pos.NN
np=de.tudarmstadt.ukp.dkpro.core.api.lexmorph.type.pos.NN
nveþ=de.tudarmstadt.ukp.dkpro.core.api.lexmorph.type.pos.NN
nveog=de.tudarmstadt.ukp.dkpro.core.api.lexmorph.type.pos.NN
nkfþg=de.tudarmstadt.ukp.dkpro.core.api.lexmorph.type.pos.NN
nkeog=de.tudarmstadt.ukp.dkpro.core.api.lexmorph.type.pos.NN
nkeþg=de.tudarmstadt.ukp.dkpro.core.api.lexmorph.type.pos.NN
nheng=de.tudarmstadt.ukp.dkpro.core.api.lexmorph.type.pos.NN
nhfþg=de.tudarmstadt.ukp.dkpro.core.api.lexmorph.type.pos.NN
nheeg=de.tudarmstadt.ukp.dkpro.core.api.lexmorph.type.pos.NN
nkee=de.tudarmstadt.ukp.dkpro.core.api.lexmorph.type.pos.NN
nheþ=de.tudarmstadt.ukp.dkpro.core.api.lexmorph.type.pos.NN
nkfeg=de.tudarmstadt.ukp.dkpro.core.api.lexmorph.type.pos.NN
nhfog=de.tudarmstadt.ukp.dkpro.core.api.lexmorph.type.pos.NN
nhfng=de.tudarmstadt.ukp.dkpro.core.api.lexmorph.type.pos.NN
nhfeg=de.tudarmstadt.ukp.dkpro.core.api.lexmorph.type.pos.NN
nken=de.tudarmstadt.ukp.dkpro.core.api.lexmorph.type.pos.NN
nvfeg=de.tudarmstadt.ukp.dkpro.core.api.lexmorph.type.pos.NN
nvfn=de.tudarmstadt.ukp.dkpro.core.api.lexmorph.type.pos.NN
nheo=de.tudarmstadt.ukp.dkpro.core.api.lexmorph.type.pos.NN
nheoof=de.tudarmstadt.ukp.dkpro.core.api.lexmorph.type.pos.NN
nvfog=de.tudarmstadt.ukp.dkpro.core.api.lexmorph.type.pos.NN
nveeg=de.tudarmstadt.ukp.dkpro.core.api.lexmorph.type.pos.NN
nven=de.tudarmstadt.ukp.dkpro.core.api.lexmorph.type.pos.NN
nxeo=de.tudarmstadt.ukp.dkpro.core.api.lexmorph.type.pos.NN
nvee=de.tudarmstadt.ukp.dkpro.core.api.lexmorph.type.pos.NN
nveng=de.tudarmstadt.ukp.dkpro.core.api.lexmorph.type.pos.NN
nkfo=de.tudarmstadt.ukp.dkpro.core.api.lexmorph.type.pos.NN
nkeeg=de.tudarmstadt.ukp.dkpro.core.api.lexmorph.type.pos.NN
nkfþ=de.tudarmstadt.ukp.dkpro.core.api.lexmorph.type.pos.NN
nhee=de.tudarmstadt.ukp.dkpro.core.api.lexmorph.type.pos.NN
nhe=de.tudarmstadt.ukp.dkpro.core.api.lexmorph.type.pos.NN
nkfn=de.tudarmstadt.ukp.dkpro.core.api.lexmorph.type.pos.NN
nxen=de.tudarmstadt.ukp.dkpro.core.api.lexmorph.type.pos.NN
nvfe=de.tudarmstadt.ukp.dkpro.core.api.lexmorph.type.pos.NN
nxeþ=de.tudarmstadt.ukp.dkpro.core.api.lexmorph.type.pos.NN
nvfo=de.tudarmstadt.ukp.dkpro.core.api.lexmorph.type.pos.NN
nhfe=de.tudarmstadt.ukp.dkpro.core.api.lexmorph.type.pos.NN
nkee-s=de.tudarmstadt.ukp.dkpro.core.api.lexmorph.type.pos.NP
nven-s=de.tudarmstadt.ukp.dkpro.core.api.lexmorph.type.pos.NP
nkfo-s=de.tudarmstadt.ukp.dkpro.core.api.lexmorph.type.pos.NP
nheegs=de.tudarmstadt.ukp.dkpro.core.api.lexmorph.type.pos.NP
Nhfn-s=de.tudarmstadt.ukp.dkpro.core.api.lexmorph.type.pos.NP
nkfogs=de.tudarmstadt.ukp.dkpro.core.api.lexmorph.type.pos.NP
nvfngs=de.tudarmstadt.ukp.dkpro.core.api.lexmorph.type.pos.NP
Nvee-s=de.tudarmstadt.ukp.dkpro.core.api.lexmorph.type.pos.NP
nkeo-s=de.tudarmstadt.ukp.dkpro.core.api.lexmorph.type.pos.NP
nveþgs=de.tudarmstadt.ukp.dkpro.core.api.lexmorph.type.pos.NP
nheogs=de.tudarmstadt.ukp.dkpro.core.api.lexmorph.type.pos.NP
nhfngs=de.tudarmstadt.ukp.dkpro.core.api.lexmorph.type.pos.NP
nhfþ-s=de.tudarmstadt.ukp.dkpro.core.api.lexmorph.type.pos.NP
nhfo-s=de.tudarmstadt.ukp.dkpro.core.api.lexmorph.type.pos.NP
nkeegs=de.tudarmstadt.ukp.dkpro.core.api.lexmorph.type.pos.NP
nkfþgs=de.tudarmstadt.ukp.dkpro.core.api.lexmorph.type.pos.NP
nhfn-s=de.tudarmstadt.ukp.dkpro.core.api.lexmorph.type.pos.NP
nvee-s=de.tudarmstadt.ukp.dkpro.core.api.lexmorph.type.pos.NP
nhen-s=de.tudarmstadt.ukp.dkpro.core.api.lexmorph.type.pos.NP
nkfe-s=de.tudarmstadt.ukp.dkpro.core.api.lexmorph.type.pos.NP
nveogs=de.tudarmstadt.ukp.dkpro.core.api.lexmorph.type.pos.NP
nheþgs=de.tudarmstadt.ukp.dkpro.core.api.lexmorph.type.pos.NP
nveo-s=de.tudarmstadt.ukp.dkpro.core.api.lexmorph.type.pos.NP
nxen-s=de.tudarmstadt.ukp.dkpro.core.api.lexmorph.type.pos.NP
nveegs=de.tudarmstadt.ukp.dkpro.core.api.lexmorph.type.pos.NP
nxfn-s=de.tudarmstadt.ukp.dkpro.core.api.lexmorph.type.pos.NP
nvfo-s=de.tudarmstadt.ukp.dkpro.core.api.lexmorph.type.pos.NP
nvengs=de.tudarmstadt.ukp.dkpro.core.api.lexmorph.type.pos.NP
nveþ-s=de.tudarmstadt.ukp.dkpro.core.api.lexmorph.type.pos.NP
nhee-s=de.tudarmstadt.ukp.dkpro.core.api.lexmorph.type.pos.NP
Nxeþ-s=de.tudarmstadt.ukp.dkpro.core.api.lexmorph.type.pos.NP
nxee-s=de.tudarmstadt.ukp.dkpro.core.api.lexmorph.type.pos.NP
nkfn-s=de.tudarmstadt.ukp.dkpro.core.api.lexmorph.type.pos.NP
nhfegs=de.tudarmstadt.ukp.dkpro.core.api.lexmorph.type.pos.NP
nkeogs=de.tudarmstadt.ukp.dkpro.core.api.lexmorph.type.pos.NP
nken-s=de.tudarmstadt.ukp.dkpro.core.api.lexmorph.type.pos.NP
nhfe-s=de.tudarmstadt.ukp.dkpro.core.api.lexmorph.type.pos.NP
nkfngs=de.tudarmstadt.ukp.dkpro.core.api.lexmorph.type.pos.NP
nheo-s=de.tudarmstadt.ukp.dkpro.core.api.lexmorph.type.pos.NP
Nveþ-s=de.tudarmstadt.ukp.dkpro.core.api.lexmorph.type.pos.NP
nvfþ-s=de.tudarmstadt.ukp.dkpro.core.api.lexmorph.type.pos.NP
nvfþgs=de.tudarmstadt.ukp.dkpro.core.api.lexmorph.type.pos.NP
Nkee-s=de.tudarmstadt.ukp.dkpro.core.api.lexmorph.type.pos.NP
nkfegs=de.tudarmstadt.ukp.dkpro.core.api.lexmorph.type.pos.NP
nhfþgs=de.tudarmstadt.ukp.dkpro.core.api.lexmorph.type.pos.NP
nheþ-s=de.tudarmstadt.ukp.dkpro.core.api.lexmorph.type.pos.NP
Nkeo-s=de.tudarmstadt.ukp.dkpro.core.api.lexmorph.type.pos.NP
nkeþgs=de.tudarmstadt.ukp.dkpro.core.api.lexmorph.type.pos.NP
nkeþ-s=de.tudarmstadt.ukp.dkpro.core.api.lexmorph.type.pos.NP
nhengs=de.tudarmstadt.ukp.dkpro.core.api.lexmorph.type.pos.NP
nxeo-s=de.tudarmstadt.ukp.dkpro.core.api.lexmorph.type.pos.NP
nvfn-s=de.tudarmstadt.ukp.dkpro.core.api.lexmorph.type.pos.NP
nxeþ-s=de.tudarmstadt.ukp.dkpro.core.api.lexmorph.type.pos.NP
nkengs=de.tudarmstadt.ukp.dkpro.core.api.lexmorph.type.pos.NP
nhfogs=de.tudarmstadt.ukp.dkpro.core.api.lexmorph.type.pos.NP
nkfþ-s=de.tudarmstadt.ukp.dkpro.core.api.lexmorph.type.pos.NP
nvfe-s=de.tudarmstadt.ukp.dkpro.core.api.lexmorph.type.pos.NP
Nkeþ-s=de.tudarmstadt.ukp.dkpro.core.api.lexmorph.type.pos.NP
Nkfn-s=de.tudarmstadt.ukp.dkpro.core.api.lexmorph.type.pos.NP
fpkeþ=de.tudarmstadt.ukp.dkpro.core.api.lexmorph.type.pos.PR
fokfþ=de.tudarmstadt.ukp.dkpro.core.api.lexmorph.type.pos.PR
favfn=de.tudarmstadt.ukp.dkpro.core.api.lexmorph.type.pos.PR
fp2eþ=de.tudarmstadt.ukp.dkpro.core.api.lexmorph.type.pos.PR
fbvee=de.tudarmstadt.ukp.dkpro.core.api.lexmorph.type.pos.PR
fohfo=de.tudarmstadt.ukp.dkpro.core.api.lexmorph.type.pos.PR
fpkfþ=de.tudarmstadt.ukp.dkpro.core.api.lexmorph.type.pos.PR
fpvfþ=de.tudarmstadt.ukp.dkpro.core.api.lexmorph.type.pos.PR
feken=de.tudarmstadt.ukp.dkpro.core.api.lexmorph.type.pos.PR
favfe=de.tudarmstadt.ukp.dkpro.core.api.lexmorph.type.pos.PR
fakee=de.tudarmstadt.ukp.dkpro.core.api.lexmorph.type.pos.PR
fahfe=de.tudarmstadt.ukp.dkpro.core.api.lexmorph.type.pos.PR
fskeþ=de.tudarmstadt.ukp.dkpro.core.api.lexmorph.type.pos.PR
fbheo=de.tudarmstadt.ukp.dkpro.core.api.lexmorph.type.pos.PR
fp1eþ=de.tudarmstadt.ukp.dkpro.core.api.lexmorph.type.pos.PR
fovfþ=de.tudarmstadt.ukp.dkpro.core.api.lexmorph.type.pos.PR
fp1fþ=de.tudarmstadt.ukp.dkpro.core.api.lexmorph.type.pos.PR
fekeo=de.tudarmstadt.ukp.dkpro.core.api.lexmorph.type.pos.PR
fpkfn=de.tudarmstadt.ukp.dkpro.core.api.lexmorph.type.pos.PR
fbveo=de.tudarmstadt.ukp.dkpro.core.api.lexmorph.type.pos.PR
fpheþ=de.tudarmstadt.ukp.dkpro.core.api.lexmorph.type.pos.PR
fp2ee=de.tudarmstadt.ukp.dkpro.core.api.lexmorph.type.pos.PR
fokfn=de.tudarmstadt.ukp.dkpro.core.api.lexmorph.type.pos.PR
fshen=de.tudarmstadt.ukp.dkpro.core.api.lexmorph.type.pos.PR
fehfn=de.tudarmstadt.ukp.dkpro.core.api.lexmorph.type.pos.PR
favfþ=de.tudarmstadt.ukp.dkpro.core.api.lexmorph.type.pos.PR
faheo=de.tudarmstadt.ukp.dkpro.core.api.lexmorph.type.pos.PR
fbhfþ=de.tudarmstadt.ukp.dkpro.core.api.lexmorph.type.pos.PR
fbhfn=de.tudarmstadt.ukp.dkpro.core.api.lexmorph.type.pos.PR
fakeo=de.tudarmstadt.ukp.dkpro.core.api.lexmorph.type.pos.PR
fevfþ=de.tudarmstadt.ukp.dkpro.core.api.lexmorph.type.pos.PR
fp2fo=de.tudarmstadt.ukp.dkpro.core.api.lexmorph.type.pos.PR
fsvfo=de.tudarmstadt.ukp.dkpro.core.api.lexmorph.type.pos.PR
fokee=de.tudarmstadt.ukp.dkpro.core.api.lexmorph.type.pos.PR
fsvfn=de.tudarmstadt.ukp.dkpro.core.api.lexmorph.type.pos.PR
fekfo=de.tudarmstadt.ukp.dkpro.core.api.lexmorph.type.pos.PR
fp1eo=de.tudarmstadt.ukp.dkpro.core.api.lexmorph.type.pos.PR
fokfe=de.tudarmstadt.ukp.dkpro.core.api.lexmorph.type.pos.PR
fpken=de.tudarmstadt.ukp.dkpro.core.api.lexmorph.type.pos.PR
fovee=de.tudarmstadt.ukp.dkpro.core.api.lexmorph.type.pos.PR
fp1en=de.tudarmstadt.ukp.dkpro.core.api.lexmorph.type.pos.PR
fakfe=de.tudarmstadt.ukp.dkpro.core.api.lexmorph.type.pos.PR
fevfe=de.tudarmstadt.ukp.dkpro.core.api.lexmorph.type.pos.PR
fp1fn=de.tudarmstadt.ukp.dkpro.core.api.lexmorph.type.pos.PR
fahfo=de.tudarmstadt.ukp.dkpro.core.api.lexmorph.type.pos.PR
fp2fþ=de.tudarmstadt.ukp.dkpro.core.api.lexmorph.type.pos.PR
fbveþ=de.tudarmstadt.ukp.dkpro.core.api.lexmorph.type.pos.PR
fahee=de.tudarmstadt.ukp.dkpro.core.api.lexmorph.type.pos.PR
faheþ=de.tudarmstadt.ukp.dkpro.core.api.lexmorph.type.pos.PR
fphen=de.tudarmstadt.ukp.dkpro.core.api.lexmorph.type.pos.PR
fpheo=de.tudarmstadt.ukp.dkpro.core.api.lexmorph.type.pos.PR
fsveo=de.tudarmstadt.ukp.dkpro.core.api.lexmorph.type.pos.PR
fp1fe=de.tudarmstadt.ukp.dkpro.core.api.lexmorph.type.pos.PR
fekeþ=de.tudarmstadt.ukp.dkpro.core.api.lexmorph.type.pos.PR
fbheþ=de.tudarmstadt.ukp.dkpro.core.api.lexmorph.type.pos.PR
fp1fo=de.tudarmstadt.ukp.dkpro.core.api.lexmorph.type.pos.PR
fbken=de.tudarmstadt.ukp.dkpro.core.api.lexmorph.type.pos.PR
fshfn=de.tudarmstadt.ukp.dkpro.core.api.lexmorph.type.pos.PR
fekee=de.tudarmstadt.ukp.dkpro.core.api.lexmorph.type.pos.PR
fbhfo=de.tudarmstadt.ukp.dkpro.core.api.lexmorph.type.pos.PR
fsven=de.tudarmstadt.ukp.dkpro.core.api.lexmorph.type.pos.PR
fshfþ=de.tudarmstadt.ukp.dkpro.core.api.lexmorph.type.pos.PR
faveþ=de.tudarmstadt.ukp.dkpro.core.api.lexmorph.type.pos.PR
fehfþ=de.tudarmstadt.ukp.dkpro.core.api.lexmorph.type.pos.PR
fpkeo=de.tudarmstadt.ukp.dkpro.core.api.lexmorph.type.pos.PR
fakeþ=de.tudarmstadt.ukp.dkpro.core.api.lexmorph.type.pos.PR
foveþ=de.tudarmstadt.ukp.dkpro.core.api.lexmorph.type.pos.PR
fbkfn=de.tudarmstadt.ukp.dkpro.core.api.lexmorph.type.pos.PR
fbhen=de.tudarmstadt.ukp.dkpro.core.api.lexmorph.type.pos.PR
fbkfþ=de.tudarmstadt.ukp.dkpro.core.api.lexmorph.type.pos.PR
fevfn=de.tudarmstadt.ukp.dkpro.core.api.lexmorph.type.pos.PR
fpkee=de.tudarmstadt.ukp.dkpro.core.api.lexmorph.type.pos.PR
fpvfe=de.tudarmstadt.ukp.dkpro.core.api.lexmorph.type.pos.PR
faveo=de.tudarmstadt.ukp.dkpro.core.api.lexmorph.type.pos.PR
fpkfo=de.tudarmstadt.ukp.dkpro.core.api.lexmorph.type.pos.PR
fbvfþ=de.tudarmstadt.ukp.dkpro.core.api.lexmorph.type.pos.PR
fovfe=de.tudarmstadt.ukp.dkpro.core.api.lexmorph.type.pos.PR
fskfo=de.tudarmstadt.ukp.dkpro.core.api.lexmorph.type.pos.PR
feveþ=de.tudarmstadt.ukp.dkpro.core.api.lexmorph.type.pos.PR
fsvfþ=de.tudarmstadt.ukp.dkpro.core.api.lexmorph.type.pos.PR
feven=de.tudarmstadt.ukp.dkpro.core.api.lexmorph.type.pos.PR
fbkfo=de.tudarmstadt.ukp.dkpro.core.api.lexmorph.type.pos.PR
fphfn=de.tudarmstadt.ukp.dkpro.core.api.lexmorph.type.pos.PR
fbven=de.tudarmstadt.ukp.dkpro.core.api.lexmorph.type.pos.PR
fbvfo=de.tudarmstadt.ukp.dkpro.core.api.lexmorph.type.pos.PR
faven=de.tudarmstadt.ukp.dkpro.core.api.lexmorph.type.pos.PR
fpkfe=de.tudarmstadt.ukp.dkpro.core.api.lexmorph.type.pos.PR
fehee=de.tudarmstadt.ukp.dkpro.core.api.lexmorph.type.pos.PR
fahfþ=de.tudarmstadt.ukp.dkpro.core.api.lexmorph.type.pos.PR
fbkeþ=de.tudarmstadt.ukp.dkpro.core.api.lexmorph.type.pos.PR
foveo=de.tudarmstadt.ukp.dkpro.core.api.lexmorph.type.pos.PR
foheþ=de.tudarmstadt.ukp.dkpro.core.api.lexmorph.type.pos.PR
foken=de.tudarmstadt.ukp.dkpro.core.api.lexmorph.type.pos.PR
fohfe=de.tudarmstadt.ukp.dkpro.core.api.lexmorph.type.pos.PR
fbkee=de.tudarmstadt.ukp.dkpro.core.api.lexmorph.type.pos.PR
fpvfo=de.tudarmstadt.ukp.dkpro.core.api.lexmorph.type.pos.PR
fekfþ=de.tudarmstadt.ukp.dkpro.core.api.lexmorph.type.pos.PR
fokeo=de.tudarmstadt.ukp.dkpro.core.api.lexmorph.type.pos.PR
fsheo=de.tudarmstadt.ukp.dkpro.core.api.lexmorph.type.pos.PR
fbvfn=de.tudarmstadt.ukp.dkpro.core.api.lexmorph.type.pos.PR
fovfn=de.tudarmstadt.ukp.dkpro.core.api.lexmorph.type.pos.PR
fbvfe=de.tudarmstadt.ukp.dkpro.core.api.lexmorph.type.pos.PR
favee=de.tudarmstadt.ukp.dkpro.core.api.lexmorph.type.pos.PR
fp1ee=de.tudarmstadt.ukp.dkpro.core.api.lexmorph.type.pos.PR
feveo=de.tudarmstadt.ukp.dkpro.core.api.lexmorph.type.pos.PR
fekfn=de.tudarmstadt.ukp.dkpro.core.api.lexmorph.type.pos.PR
feheþ=de.tudarmstadt.ukp.dkpro.core.api.lexmorph.type.pos.PR
fohfn=de.tudarmstadt.ukp.dkpro.core.api.lexmorph.type.pos.PR
fpvfn=de.tudarmstadt.ukp.dkpro.core.api.lexmorph.type.pos.PR
fohee=de.tudarmstadt.ukp.dkpro.core.api.lexmorph.type.pos.PR
fpven=de.tudarmstadt.ukp.dkpro.core.api.lexmorph.type.pos.PR
fehen=de.tudarmstadt.ukp.dkpro.core.api.lexmorph.type.pos.PR
fbkeo=de.tudarmstadt.ukp.dkpro.core.api.lexmorph.type.pos.PR
fehfe=de.tudarmstadt.ukp.dkpro.core.api.lexmorph.type.pos.PR
fevfo=de.tudarmstadt.ukp.dkpro.core.api.lexmorph.type.pos.PR
fahfn=de.tudarmstadt.ukp.dkpro.core.api.lexmorph.type.pos.PR
fpveo=de.tudarmstadt.ukp.dkpro.core.api.lexmorph.type.pos.PR
fahen=de.tudarmstadt.ukp.dkpro.core.api.lexmorph.type.pos.PR
feheo=de.tudarmstadt.ukp.dkpro.core.api.lexmorph.type.pos.PR
fp2eo=de.tudarmstadt.ukp.dkpro.core.api.lexmorph.type.pos.PR
fp2fn=de.tudarmstadt.ukp.dkpro.core.api.lexmorph.type.pos.PR
fakfo=de.tudarmstadt.ukp.dkpro.core.api.lexmorph.type.pos.PR
fokeþ=de.tudarmstadt.ukp.dkpro.core.api.lexmorph.type.pos.PR
fphfþ=de.tudarmstadt.ukp.dkpro.core.api.lexmorph.type.pos.PR
fakfn=de.tudarmstadt.ukp.dkpro.core.api.lexmorph.type.pos.PR
fphee=de.tudarmstadt.ukp.dkpro.core.api.lexmorph.type.pos.PR
faken=de.tudarmstadt.ukp.dkpro.core.api.lexmorph.type.pos.PR
fpvee=de.tudarmstadt.ukp.dkpro.core.api.lexmorph.type.pos.PR
fbkfe=de.tudarmstadt.ukp.dkpro.core.api.lexmorph.type.pos.PR
favfo=de.tudarmstadt.ukp.dkpro.core.api.lexmorph.type.pos.PR
fbhee=de.tudarmstadt.ukp.dkpro.core.api.lexmorph.type.pos.PR
fp2fe=de.tudarmstadt.ukp.dkpro.core.api.lexmorph.type.pos.PR
fokfo=de.tudarmstadt.ukp.dkpro.core.api.lexmorph.type.pos.PR
fehfo=de.tudarmstadt.ukp.dkpro.core.api.lexmorph.type.pos.PR
fsheþ=de.tudarmstadt.ukp.dkpro.core.api.lexmorph.type.pos.PR
fovfo=de.tudarmstadt.ukp.dkpro.core.api.lexmorph.type.pos.PR
fohen=de.tudarmstadt.ukp.dkpro.core.api.lexmorph.type.pos.PR
fevee=de.tudarmstadt.ukp.dkpro.core.api.lexmorph.type.pos.PR
fbhfe=de.tudarmstadt.ukp.dkpro.core.api.lexmorph.type.pos.PR
fphfe=de.tudarmstadt.ukp.dkpro.core.api.lexmorph.type.pos.PR
foven=de.tudarmstadt.ukp.dkpro.core.api.lexmorph.type.pos.PR
fakfþ=de.tudarmstadt.ukp.dkpro.core.api.lexmorph.type.pos.PR
fphfo=de.tudarmstadt.ukp.dkpro.core.api.lexmorph.type.pos.PR
fshee=de.tudarmstadt.ukp.dkpro.core.api.lexmorph.type.pos.PR
foheo=de.tudarmstadt.ukp.dkpro.core.api.lexmorph.type.pos.PR
fekfe=de.tudarmstadt.ukp.dkpro.core.api.lexmorph.type.pos.PR
fpveþ=de.tudarmstadt.ukp.dkpro.core.api.lexmorph.type.pos.PR
fskfn=de.tudarmstadt.ukp.dkpro.core.api.lexmorph.type.pos.PR
fohfþ=de.tudarmstadt.ukp.dkpro.core.api.lexmorph.type.pos.PR
fp2en=de.tudarmstadt.ukp.dkpro.core.api.lexmorph.type.pos.PR
fsken=de.tudarmstadt.ukp.dkpro.core.api.lexmorph.type.pos.PR
>=de.tudarmstadt.ukp.dkpro.core.api.lexmorph.type.pos.PUNC
...........=de.tudarmstadt.ukp.dkpro.core.api.lexmorph.type.pos.PUNC
‘=de.tudarmstadt.ukp.dkpro.core.api.lexmorph.type.pos.PUNC
}=de.tudarmstadt.ukp.dkpro.core.api.lexmorph.type.pos.PUNC
_=de.tudarmstadt.ukp.dkpro.core.api.lexmorph.type.pos.PUNC
(=de.tudarmstadt.ukp.dkpro.core.api.lexmorph.type.pos.PUNC
{=de.tudarmstadt.ukp.dkpro.core.api.lexmorph.type.pos.PUNC
........=de.tudarmstadt.ukp.dkpro.core.api.lexmorph.type.pos.PUNC
?=de.tudarmstadt.ukp.dkpro.core.api.lexmorph.type.pos.PUNC
“=de.tudarmstadt.ukp.dkpro.core.api.lexmorph.type.pos.PUNC
<=de.tudarmstadt.ukp.dkpro.core.api.lexmorph.type.pos.PUNC
==de.tudarmstadt.ukp.dkpro.core.api.lexmorph.type.pos.PUNC
~=de.tudarmstadt.ukp.dkpro.core.api.lexmorph.type.pos.PUNC
+=de.tudarmstadt.ukp.dkpro.core.api.lexmorph.type.pos.PUNC
......=de.tudarmstadt.ukp.dkpro.core.api.lexmorph.type.pos.PUNC
·=de.tudarmstadt.ukp.dkpro.core.api.lexmorph.type.pos.PUNC
/=de.tudarmstadt.ukp.dkpro.core.api.lexmorph.type.pos.PUNC
²=de.tudarmstadt.ukp.dkpro.core.api.lexmorph.type.pos.PUNC
»=de.tudarmstadt.ukp.dkpro.core.api.lexmorph.type.pos.PUNC
.....=de.tudarmstadt.ukp.dkpro.core.api.lexmorph.type.pos.PUNC
;=de.tudarmstadt.ukp.dkpro.core.api.lexmorph.type.pos.PUNC
....=de.tudarmstadt.ukp.dkpro.core.api.lexmorph.type.pos.PUNC
%=de.tudarmstadt.ukp.dkpro.core.api.lexmorph.type.pos.PUNC
!=de.tudarmstadt.ukp.dkpro.core.api.lexmorph.type.pos.PUNC
[=de.tudarmstadt.ukp.dkpro.core.api.lexmorph.type.pos.PUNC
..=de.tudarmstadt.ukp.dkpro.core.api.lexmorph.type.pos.PUNC
..........=de.tudarmstadt.ukp.dkpro.core.api.lexmorph.type.pos.PUNC
.=de.tudarmstadt.ukp.dkpro.core.api.lexmorph.type.pos.PUNC
#=de.tudarmstadt.ukp.dkpro.core.api.lexmorph.type.pos.PUNC
...=de.tudarmstadt.ukp.dkpro.core.api.lexmorph.type.pos.PUNC
.......=de.tudarmstadt.ukp.dkpro.core.api.lexmorph.type.pos.PUNC
.........=de.tudarmstadt.ukp.dkpro.core.api.lexmorph.type.pos.PUNC
)=de.tudarmstadt.ukp.dkpro.core.api.lexmorph.type.pos.PUNC
„=de.tudarmstadt.ukp.dkpro.core.api.lexmorph.type.pos.PUNC
--=de.tudarmstadt.ukp.dkpro.core.api.lexmorph.type.pos.PUNC
'=de.tudarmstadt.ukp.dkpro.core.api.lexmorph.type.pos.PUNC
]=de.tudarmstadt.ukp.dkpro.core.api.lexmorph.type.pos.PUNC
«=de.tudarmstadt.ukp.dkpro.core.api.lexmorph.type.pos.PUNC
’=de.tudarmstadt.ukp.dkpro.core.api.lexmorph.type.pos.PUNC
:=de.tudarmstadt.ukp.dkpro.core.api.lexmorph.type.pos.PUNC
|=de.tudarmstadt.ukp.dkpro.core.api.lexmorph.type.pos.PUNC
....................=de.tudarmstadt.ukp.dkpro.core.api.lexmorph.type.pos.PUNC
-=de.tudarmstadt.ukp.dkpro.core.api.lexmorph.type.pos.PUNC
svm1fn=de.tudarmstadt.ukp.dkpro.core.api.lexmorph.type.pos.V
sfg1en=de.tudarmstadt.ukp.dkpro.core.api.lexmorph.type.pos.V
svm3en=de.tudarmstadt.ukp.dkpro.core.api.lexmorph.type.pos.V
sfg3f=de.tudarmstadt.ukp.dkpro.core.api.lexmorph.type.pos.V
svg1fn=de.tudarmstadt.ukp.dkpro.core.api.lexmorph.type.pos.V
sfm2fþ=de.tudarmstadt.ukp.dkpro.core.api.lexmorph.type.pos.V
sþmhen=de.tudarmstadt.ukp.dkpro.core.api.lexmorph.type.pos.V
sþghen=de.tudarmstadt.ukp.dkpro.core.api.lexmorph.type.pos.V
svg3fþ=de.tudarmstadt.ukp.dkpro.core.api.lexmorph.type.pos.V
svg1en=de.tudarmstadt.ukp.dkpro.core.api.lexmorph.type.pos.V
sfm3fn=de.tudarmstadt.ukp.dkpro.core.api.lexmorph.type.pos.V
sþgken=de.tudarmstadt.ukp.dkpro.core.api.lexmorph.type.pos.V
svg1eþ=de.tudarmstadt.ukp.dkpro.core.api.lexmorph.type.pos.V
sþgvfn=de.tudarmstadt.ukp.dkpro.core.api.lexmorph.type.pos.V
svm3fn=de.tudarmstadt.ukp.dkpro.core.api.lexmorph.type.pos.V
sng=de.tudarmstadt.ukp.dkpro.core.api.lexmorph.type.pos.V
svg3en=de.tudarmstadt.ukp.dkpro.core.api.lexmorph.type.pos.V
sfm2fn=de.tudarmstadt.ukp.dkpro.core.api.lexmorph.type.pos.V
sfm1en=de.tudarmstadt.ukp.dkpro.core.api.lexmorph.type.pos.V
sfg3fþ=de.tudarmstadt.ukp.dkpro.core.api.lexmorph.type.pos.V
sþgkeo=de.tudarmstadt.ukp.dkpro.core.api.lexmorph.type.pos.V
sfg2fn=de.tudarmstadt.ukp.dkpro.core.api.lexmorph.type.pos.V
sfg1fn=de.tudarmstadt.ukp.dkpro.core.api.lexmorph.type.pos.V
sfm3fþ=de.tudarmstadt.ukp.dkpro.core.api.lexmorph.type.pos.V
svg2fn=de.tudarmstadt.ukp.dkpro.core.api.lexmorph.type.pos.V
sfg3en=de.tudarmstadt.ukp.dkpro.core.api.lexmorph.type.pos.V
sfm3en=de.tudarmstadt.ukp.dkpro.core.api.lexmorph.type.pos.V
ssm=de.tudarmstadt.ukp.dkpro.core.api.lexmorph.type.pos.V
sfg1eþ=de.tudarmstadt.ukp.dkpro.core.api.lexmorph.type.pos.V
svg2fþ=de.tudarmstadt.ukp.dkpro.core.api.lexmorph.type.pos.V
sfg2fþ=de.tudarmstadt.ukp.dkpro.core.api.lexmorph.type.pos.V
svg1fþ=de.tudarmstadt.ukp.dkpro.core.api.lexmorph.type.pos.V
sfg2en=de.tudarmstadt.ukp.dkpro.core.api.lexmorph.type.pos.V
sfg3fn=de.tudarmstadt.ukp.dkpro.core.api.lexmorph.type.pos.V
sbm2fn=de.tudarmstadt.ukp.dkpro.core.api.lexmorph.type.pos.V
ssg=de.tudarmstadt.ukp.dkpro.core.api.lexmorph.type.pos.V
sbg2en=de.tudarmstadt.ukp.dkpro.core.api.lexmorph.type.pos.V
sfg1fþ=de.tudarmstadt.ukp.dkpro.core.api.lexmorph.type.pos.V
sbm2en=de.tudarmstadt.ukp.dkpro.core.api.lexmorph.type.pos.V
sfg3eþ=de.tudarmstadt.ukp.dkpro.core.api.lexmorph.type.pos.V
sfm1eþ=de.tudarmstadt.ukp.dkpro.core.api.lexmorph.type.pos.V
svm3fþ=de.tudarmstadt.ukp.dkpro.core.api.lexmorph.type.pos.V
sfm2eþ=de.tudarmstadt.ukp.dkpro.core.api.lexmorph.type.pos.V
svg2eþ=de.tudarmstadt.ukp.dkpro.core.api.lexmorph.type.pos.V
sfg3fe=de.tudarmstadt.ukp.dkpro.core.api.lexmorph.type.pos.V
svg3eþ=de.tudarmstadt.ukp.dkpro.core.api.lexmorph.type.pos.V
sfm1fþ=de.tudarmstadt.ukp.dkpro.core.api.lexmorph.type.pos.V
svg2en=de.tudarmstadt.ukp.dkpro.core.api.lexmorph.type.pos.V
svg3fn=de.tudarmstadt.ukp.dkpro.core.api.lexmorph.type.pos.V
sfm3eþ=de.tudarmstadt.ukp.dkpro.core.api.lexmorph.type.pos.V
svm1fþ=de.tudarmstadt.ukp.dkpro.core.api.lexmorph.type.pos.V
sfm1fn=de.tudarmstadt.ukp.dkpro.core.api.lexmorph.type.pos.V
sfm2en=de.tudarmstadt.ukp.dkpro.core.api.lexmorph.type.pos.V
sþgven=de.tudarmstadt.ukp.dkpro.core.api.lexmorph.type.pos.V
snm=de.tudarmstadt.ukp.dkpro.core.api.lexmorph.type.pos.V
svm3eþ=de.tudarmstadt.ukp.dkpro.core.api.lexmorph.type.pos.V
sþmken=de.tudarmstadt.ukp.dkpro.core.api.lexmorph.type.pos.V
sþgkfn=de.tudarmstadt.ukp.dkpro.core.api.lexmorph.type.pos.V
slg=de.tudarmstadt.ukp.dkpro.core.api.lexmorph.type.pos.V
sfg2eþ=de.tudarmstadt.ukp.dkpro.core.api.lexmorph.type.pos.V
sbg2fn=de.tudarmstadt.ukp.dkpro.core.api.lexmorph.type.pos.V
sþghfn=de.tudarmstadt.ukp.dkpro.core.api.lexmorph.type.pos.V
sþgheo=de.tudarmstadt.ukp.dkpro.core.api.lexmorph.type.pos.V
sþgveo=de.tudarmstadt.ukp.dkpro.core.api.lexmorph.type.pos.V
x=de.tudarmstadt.ukp.dkpro.core.api.lexmorph.type.pos.O
e=de.tudarmstadt.ukp.dkpro.core.api.lexmorph.type.pos.O
