# Slovene Parallel-IJS-ELAN Corpus
#
# Source: http://nl.ijs.si/elan/
#
# Catch-all rule
*=de.tudarmstadt.ukp.dkpro.core.api.lexmorph.type.pos.O

Agpmsan=de.tudarmstadt.ukp.dkpro.core.api.lexmorph.type.pos.ADJ
Agcnsl=de.tudarmstadt.ukp.dkpro.core.api.lexmorph.type.pos.ADJ
Agpndl=de.tudarmstadt.ukp.dkpro.core.api.lexmorph.type.pos.ADJ
Agcmpg=de.tudarmstadt.ukp.dkpro.core.api.lexmorph.type.pos.ADJ
Agsnsl=de.tudarmstadt.ukp.dkpro.core.api.lexmorph.type.pos.ADJ
Aspfsn=de.tudarmstadt.ukp.dkpro.core.api.lexmorph.type.pos.ADJ
Appmpl=de.tudarmstadt.ukp.dkpro.core.api.lexmorph.type.pos.ADJ
Agpndi=de.tudarmstadt.ukp.dkpro.core.api.lexmorph.type.pos.ADJ
Appmpn=de.tudarmstadt.ukp.dkpro.core.api.lexmorph.type.pos.ADJ
Appfsg=de.tudarmstadt.ukp.dkpro.core.api.lexmorph.type.pos.ADJ
Appnpn=de.tudarmstadt.ukp.dkpro.core.api.lexmorph.type.pos.ADJ
Appfdn=de.tudarmstadt.ukp.dkpro.core.api.lexmorph.type.pos.ADJ
Appmpi=de.tudarmstadt.ukp.dkpro.core.api.lexmorph.type.pos.ADJ
Agsnsg=de.tudarmstadt.ukp.dkpro.core.api.lexmorph.type.pos.ADJ
Aspnsn=de.tudarmstadt.ukp.dkpro.core.api.lexmorph.type.pos.ADJ
Agcmsd=de.tudarmstadt.ukp.dkpro.core.api.lexmorph.type.pos.ADJ
Agpfsa=de.tudarmstadt.ukp.dkpro.core.api.lexmorph.type.pos.ADJ
Agsfdn=de.tudarmstadt.ukp.dkpro.core.api.lexmorph.type.pos.ADJ
Aspfsi=de.tudarmstadt.ukp.dkpro.core.api.lexmorph.type.pos.ADJ
Agpmsa=de.tudarmstadt.ukp.dkpro.core.api.lexmorph.type.pos.ADJ
Agpnsn=de.tudarmstadt.ukp.dkpro.core.api.lexmorph.type.pos.ADJ
Agsnsa=de.tudarmstadt.ukp.dkpro.core.api.lexmorph.type.pos.ADJ
Agpfpl=de.tudarmstadt.ukp.dkpro.core.api.lexmorph.type.pos.ADJ
Agcmsay=de.tudarmstadt.ukp.dkpro.core.api.lexmorph.type.pos.ADJ
Aspfsl=de.tudarmstadt.ukp.dkpro.core.api.lexmorph.type.pos.ADJ
Aspmpn=de.tudarmstadt.ukp.dkpro.core.api.lexmorph.type.pos.ADJ
Agpmsnn=de.tudarmstadt.ukp.dkpro.core.api.lexmorph.type.pos.ADJ
Agsmpi=de.tudarmstadt.ukp.dkpro.core.api.lexmorph.type.pos.ADJ
Appfsi=de.tudarmstadt.ukp.dkpro.core.api.lexmorph.type.pos.ADJ
Agcnsg=de.tudarmstadt.ukp.dkpro.core.api.lexmorph.type.pos.ADJ
Agpnsi=de.tudarmstadt.ukp.dkpro.core.api.lexmorph.type.pos.ADJ
Agpfpg=de.tudarmstadt.ukp.dkpro.core.api.lexmorph.type.pos.ADJ
Agpnpl=de.tudarmstadt.ukp.dkpro.core.api.lexmorph.type.pos.ADJ
Agsmsny=de.tudarmstadt.ukp.dkpro.core.api.lexmorph.type.pos.ADJ
Aspnsa=de.tudarmstadt.ukp.dkpro.core.api.lexmorph.type.pos.ADJ
Agsfsl=de.tudarmstadt.ukp.dkpro.core.api.lexmorph.type.pos.ADJ
Agpnpg=de.tudarmstadt.ukp.dkpro.core.api.lexmorph.type.pos.ADJ
Agpfsg=de.tudarmstadt.ukp.dkpro.core.api.lexmorph.type.pos.ADJ
Agpnsa=de.tudarmstadt.ukp.dkpro.core.api.lexmorph.type.pos.ADJ
Agsfsi=de.tudarmstadt.ukp.dkpro.core.api.lexmorph.type.pos.ADJ
Agpfpn=de.tudarmstadt.ukp.dkpro.core.api.lexmorph.type.pos.ADJ
Appnsa=de.tudarmstadt.ukp.dkpro.core.api.lexmorph.type.pos.ADJ
Agpmdl=de.tudarmstadt.ukp.dkpro.core.api.lexmorph.type.pos.ADJ
Agsfsg=de.tudarmstadt.ukp.dkpro.core.api.lexmorph.type.pos.ADJ
Aspfpg=de.tudarmstadt.ukp.dkpro.core.api.lexmorph.type.pos.ADJ
Agpfpa=de.tudarmstadt.ukp.dkpro.core.api.lexmorph.type.pos.ADJ
Agcfsg=de.tudarmstadt.ukp.dkpro.core.api.lexmorph.type.pos.ADJ
Agpfda=de.tudarmstadt.ukp.dkpro.core.api.lexmorph.type.pos.ADJ
Agpfsl=de.tudarmstadt.ukp.dkpro.core.api.lexmorph.type.pos.ADJ
Appnsi=de.tudarmstadt.ukp.dkpro.core.api.lexmorph.type.pos.ADJ
Aspmsi=de.tudarmstadt.ukp.dkpro.core.api.lexmorph.type.pos.ADJ
Aspmpl=de.tudarmstadt.ukp.dkpro.core.api.lexmorph.type.pos.ADJ
Aspnpg=de.tudarmstadt.ukp.dkpro.core.api.lexmorph.type.pos.ADJ
Agcnpg=de.tudarmstadt.ukp.dkpro.core.api.lexmorph.type.pos.ADJ
Agpfdn=de.tudarmstadt.ukp.dkpro.core.api.lexmorph.type.pos.ADJ
Aspnsg=de.tudarmstadt.ukp.dkpro.core.api.lexmorph.type.pos.ADJ
Agcfpl=de.tudarmstadt.ukp.dkpro.core.api.lexmorph.type.pos.ADJ
Agsfpi=de.tudarmstadt.ukp.dkpro.core.api.lexmorph.type.pos.ADJ
Agcmpa=de.tudarmstadt.ukp.dkpro.core.api.lexmorph.type.pos.ADJ
Agcfpd=de.tudarmstadt.ukp.dkpro.core.api.lexmorph.type.pos.ADJ
Appmsa=de.tudarmstadt.ukp.dkpro.core.api.lexmorph.type.pos.ADJ
Appnsl=de.tudarmstadt.ukp.dkpro.core.api.lexmorph.type.pos.ADJ
Appmdn=de.tudarmstadt.ukp.dkpro.core.api.lexmorph.type.pos.ADJ
Agcfpi=de.tudarmstadt.ukp.dkpro.core.api.lexmorph.type.pos.ADJ
Appmsi=de.tudarmstadt.ukp.dkpro.core.api.lexmorph.type.pos.ADJ
Agpfpd=de.tudarmstadt.ukp.dkpro.core.api.lexmorph.type.pos.ADJ
Agcmsi=de.tudarmstadt.ukp.dkpro.core.api.lexmorph.type.pos.ADJ
Agcfsd=de.tudarmstadt.ukp.dkpro.core.api.lexmorph.type.pos.ADJ
Aspfpl=de.tudarmstadt.ukp.dkpro.core.api.lexmorph.type.pos.ADJ
Aspfpi=de.tudarmstadt.ukp.dkpro.core.api.lexmorph.type.pos.ADJ
Appmsl=de.tudarmstadt.ukp.dkpro.core.api.lexmorph.type.pos.ADJ
Agcnpa=de.tudarmstadt.ukp.dkpro.core.api.lexmorph.type.pos.ADJ
Agpmpa=de.tudarmstadt.ukp.dkpro.core.api.lexmorph.type.pos.ADJ
Aspmsan=de.tudarmstadt.ukp.dkpro.core.api.lexmorph.type.pos.ADJ
Aspmsg=de.tudarmstadt.ukp.dkpro.core.api.lexmorph.type.pos.ADJ
Agpmsg=de.tudarmstadt.ukp.dkpro.core.api.lexmorph.type.pos.ADJ
Aspmdn=de.tudarmstadt.ukp.dkpro.core.api.lexmorph.type.pos.ADJ
Agcfsa=de.tudarmstadt.ukp.dkpro.core.api.lexmorph.type.pos.ADJ
Appmsnn=de.tudarmstadt.ukp.dkpro.core.api.lexmorph.type.pos.ADJ
Appmpd=de.tudarmstadt.ukp.dkpro.core.api.lexmorph.type.pos.ADJ
Agpnpd=de.tudarmstadt.ukp.dkpro.core.api.lexmorph.type.pos.ADJ
Agcmsl=de.tudarmstadt.ukp.dkpro.core.api.lexmorph.type.pos.ADJ
Appmsg=de.tudarmstadt.ukp.dkpro.core.api.lexmorph.type.pos.ADJ
Agpmsay=de.tudarmstadt.ukp.dkpro.core.api.lexmorph.type.pos.ADJ
Agsmsay=de.tudarmstadt.ukp.dkpro.core.api.lexmorph.type.pos.ADJ
Agcmpi=de.tudarmstadt.ukp.dkpro.core.api.lexmorph.type.pos.ADJ
Agpnpa=de.tudarmstadt.ukp.dkpro.core.api.lexmorph.type.pos.ADJ
Appnpi=de.tudarmstadt.ukp.dkpro.core.api.lexmorph.type.pos.ADJ
Agsfsn=de.tudarmstadt.ukp.dkpro.core.api.lexmorph.type.pos.ADJ
Appfpd=de.tudarmstadt.ukp.dkpro.core.api.lexmorph.type.pos.ADJ
Appfpg=de.tudarmstadt.ukp.dkpro.core.api.lexmorph.type.pos.ADJ
Aspfsg=de.tudarmstadt.ukp.dkpro.core.api.lexmorph.type.pos.ADJ
Agcmsny=de.tudarmstadt.ukp.dkpro.core.api.lexmorph.type.pos.ADJ
Appmpa=de.tudarmstadt.ukp.dkpro.core.api.lexmorph.type.pos.ADJ
Agsnsn=de.tudarmstadt.ukp.dkpro.core.api.lexmorph.type.pos.ADJ
Agcnpn=de.tudarmstadt.ukp.dkpro.core.api.lexmorph.type.pos.ADJ
Aspmpd=de.tudarmstadt.ukp.dkpro.core.api.lexmorph.type.pos.ADJ
Agcnsd=de.tudarmstadt.ukp.dkpro.core.api.lexmorph.type.pos.ADJ
Agcnsn=de.tudarmstadt.ukp.dkpro.core.api.lexmorph.type.pos.ADJ
Agsnpg=de.tudarmstadt.ukp.dkpro.core.api.lexmorph.type.pos.ADJ
Agsmsl=de.tudarmstadt.ukp.dkpro.core.api.lexmorph.type.pos.ADJ
Agpmpn=de.tudarmstadt.ukp.dkpro.core.api.lexmorph.type.pos.ADJ
Agcfpa=de.tudarmstadt.ukp.dkpro.core.api.lexmorph.type.pos.ADJ
Appmsay=de.tudarmstadt.ukp.dkpro.core.api.lexmorph.type.pos.ADJ
Aspfsa=de.tudarmstadt.ukp.dkpro.core.api.lexmorph.type.pos.ADJ
Appfsn=de.tudarmstadt.ukp.dkpro.core.api.lexmorph.type.pos.ADJ
Agsmdn=de.tudarmstadt.ukp.dkpro.core.api.lexmorph.type.pos.ADJ
Agcnsa=de.tudarmstadt.ukp.dkpro.core.api.lexmorph.type.pos.ADJ
Appmdl=de.tudarmstadt.ukp.dkpro.core.api.lexmorph.type.pos.ADJ
Agsmsg=de.tudarmstadt.ukp.dkpro.core.api.lexmorph.type.pos.ADJ
Agsfpl=de.tudarmstadt.ukp.dkpro.core.api.lexmorph.type.pos.ADJ
Agpfsi=de.tudarmstadt.ukp.dkpro.core.api.lexmorph.type.pos.ADJ
Appnsg=de.tudarmstadt.ukp.dkpro.core.api.lexmorph.type.pos.ADJ
Agpmsd=de.tudarmstadt.ukp.dkpro.core.api.lexmorph.type.pos.ADJ
Appmda=de.tudarmstadt.ukp.dkpro.core.api.lexmorph.type.pos.ADJ
Agcfsn=de.tudarmstadt.ukp.dkpro.core.api.lexmorph.type.pos.ADJ
Appfpn=de.tudarmstadt.ukp.dkpro.core.api.lexmorph.type.pos.ADJ
Agsfpa=de.tudarmstadt.ukp.dkpro.core.api.lexmorph.type.pos.ADJ
Aspfpa=de.tudarmstadt.ukp.dkpro.core.api.lexmorph.type.pos.ADJ
Agsnpa=de.tudarmstadt.ukp.dkpro.core.api.lexmorph.type.pos.ADJ
Agpmpi=de.tudarmstadt.ukp.dkpro.core.api.lexmorph.type.pos.ADJ
Agpmdd=de.tudarmstadt.ukp.dkpro.core.api.lexmorph.type.pos.ADJ
Aspmpa=de.tudarmstadt.ukp.dkpro.core.api.lexmorph.type.pos.ADJ
Agcfpg=de.tudarmstadt.ukp.dkpro.core.api.lexmorph.type.pos.ADJ
Agpmsny=de.tudarmstadt.ukp.dkpro.core.api.lexmorph.type.pos.ADJ
Agpmpd=de.tudarmstadt.ukp.dkpro.core.api.lexmorph.type.pos.ADJ
Agpnpi=de.tudarmstadt.ukp.dkpro.core.api.lexmorph.type.pos.ADJ
Appmsny=de.tudarmstadt.ukp.dkpro.core.api.lexmorph.type.pos.ADJ
Agcmsg=de.tudarmstadt.ukp.dkpro.core.api.lexmorph.type.pos.ADJ
Agsmpg=de.tudarmstadt.ukp.dkpro.core.api.lexmorph.type.pos.ADJ
Appfpa=de.tudarmstadt.ukp.dkpro.core.api.lexmorph.type.pos.ADJ
Agsfpg=de.tudarmstadt.ukp.dkpro.core.api.lexmorph.type.pos.ADJ
Appndn=de.tudarmstadt.ukp.dkpro.core.api.lexmorph.type.pos.ADJ
Appfsl=de.tudarmstadt.ukp.dkpro.core.api.lexmorph.type.pos.ADJ
Aspmsl=de.tudarmstadt.ukp.dkpro.core.api.lexmorph.type.pos.ADJ
Appfpi=de.tudarmstadt.ukp.dkpro.core.api.lexmorph.type.pos.ADJ
Appmsd=de.tudarmstadt.ukp.dkpro.core.api.lexmorph.type.pos.ADJ
Agsmpa=de.tudarmstadt.ukp.dkpro.core.api.lexmorph.type.pos.ADJ
Appnpd=de.tudarmstadt.ukp.dkpro.core.api.lexmorph.type.pos.ADJ
Agpnsl=de.tudarmstadt.ukp.dkpro.core.api.lexmorph.type.pos.ADJ
Agsfsa=de.tudarmstadt.ukp.dkpro.core.api.lexmorph.type.pos.ADJ
Agpnpn=de.tudarmstadt.ukp.dkpro.core.api.lexmorph.type.pos.ADJ
Appnpg=de.tudarmstadt.ukp.dkpro.core.api.lexmorph.type.pos.ADJ
Agpmsl=de.tudarmstadt.ukp.dkpro.core.api.lexmorph.type.pos.ADJ
Appnsn=de.tudarmstadt.ukp.dkpro.core.api.lexmorph.type.pos.ADJ
Agcmdn=de.tudarmstadt.ukp.dkpro.core.api.lexmorph.type.pos.ADJ
Agpnsd=de.tudarmstadt.ukp.dkpro.core.api.lexmorph.type.pos.ADJ
Agpmpg=de.tudarmstadt.ukp.dkpro.core.api.lexmorph.type.pos.ADJ
Agsmsi=de.tudarmstadt.ukp.dkpro.core.api.lexmorph.type.pos.ADJ
Agpfsn=de.tudarmstadt.ukp.dkpro.core.api.lexmorph.type.pos.ADJ
Aspmpg=de.tudarmstadt.ukp.dkpro.core.api.lexmorph.type.pos.ADJ
Agcmpd=de.tudarmstadt.ukp.dkpro.core.api.lexmorph.type.pos.ADJ
Appmpg=de.tudarmstadt.ukp.dkpro.core.api.lexmorph.type.pos.ADJ
Agcnsi=de.tudarmstadt.ukp.dkpro.core.api.lexmorph.type.pos.ADJ
Agcfsl=de.tudarmstadt.ukp.dkpro.core.api.lexmorph.type.pos.ADJ
Agpndg=de.tudarmstadt.ukp.dkpro.core.api.lexmorph.type.pos.ADJ
Agpfsd=de.tudarmstadt.ukp.dkpro.core.api.lexmorph.type.pos.ADJ
Agpnsg=de.tudarmstadt.ukp.dkpro.core.api.lexmorph.type.pos.ADJ
Appnpa=de.tudarmstadt.ukp.dkpro.core.api.lexmorph.type.pos.ADJ
Appnpl=de.tudarmstadt.ukp.dkpro.core.api.lexmorph.type.pos.ADJ
Appfsa=de.tudarmstadt.ukp.dkpro.core.api.lexmorph.type.pos.ADJ
Agpfpi=de.tudarmstadt.ukp.dkpro.core.api.lexmorph.type.pos.ADJ
Agpfdg=de.tudarmstadt.ukp.dkpro.core.api.lexmorph.type.pos.ADJ
Agpmdn=de.tudarmstadt.ukp.dkpro.core.api.lexmorph.type.pos.ADJ
Appfpl=de.tudarmstadt.ukp.dkpro.core.api.lexmorph.type.pos.ADJ
Agpmpl=de.tudarmstadt.ukp.dkpro.core.api.lexmorph.type.pos.ADJ
Agcfpn=de.tudarmstadt.ukp.dkpro.core.api.lexmorph.type.pos.ADJ
Agpmsi=de.tudarmstadt.ukp.dkpro.core.api.lexmorph.type.pos.ADJ
Agcmpn=de.tudarmstadt.ukp.dkpro.core.api.lexmorph.type.pos.ADJ
Aspmsnn=de.tudarmstadt.ukp.dkpro.core.api.lexmorph.type.pos.ADJ
Agcfsi=de.tudarmstadt.ukp.dkpro.core.api.lexmorph.type.pos.ADJ
Agsnpn=de.tudarmstadt.ukp.dkpro.core.api.lexmorph.type.pos.ADJ
Aspnpa=de.tudarmstadt.ukp.dkpro.core.api.lexmorph.type.pos.ADJ
Agsfpn=de.tudarmstadt.ukp.dkpro.core.api.lexmorph.type.pos.ADJ
Agcmpl=de.tudarmstadt.ukp.dkpro.core.api.lexmorph.type.pos.ADJ
Appmsan=de.tudarmstadt.ukp.dkpro.core.api.lexmorph.type.pos.ADJ
Rgs=de.tudarmstadt.ukp.dkpro.core.api.lexmorph.type.pos.ADV
Rgp=de.tudarmstadt.ukp.dkpro.core.api.lexmorph.type.pos.ADV
Rr=de.tudarmstadt.ukp.dkpro.core.api.lexmorph.type.pos.ADV
Rgc=de.tudarmstadt.ukp.dkpro.core.api.lexmorph.type.pos.ADV
Mlofsa=de.tudarmstadt.ukp.dkpro.core.api.lexmorph.type.pos.CARD
Mlcfdn=de.tudarmstadt.ukp.dkpro.core.api.lexmorph.type.pos.CARD
Mlcmda=de.tudarmstadt.ukp.dkpro.core.api.lexmorph.type.pos.CARD
Mlcmpg=de.tudarmstadt.ukp.dkpro.core.api.lexmorph.type.pos.CARD
Mlcmpl=de.tudarmstadt.ukp.dkpro.core.api.lexmorph.type.pos.CARD
Mlpmsa=de.tudarmstadt.ukp.dkpro.core.api.lexmorph.type.pos.CARD
Mlcfpl=de.tudarmstadt.ukp.dkpro.core.api.lexmorph.type.pos.CARD
Mlpfsd=de.tudarmstadt.ukp.dkpro.core.api.lexmorph.type.pos.CARD
Mlcmdi=de.tudarmstadt.ukp.dkpro.core.api.lexmorph.type.pos.CARD
Mlcmdg=de.tudarmstadt.ukp.dkpro.core.api.lexmorph.type.pos.CARD
Mlompl=de.tudarmstadt.ukp.dkpro.core.api.lexmorph.type.pos.CARD
Mlpnpi=de.tudarmstadt.ukp.dkpro.core.api.lexmorph.type.pos.CARD
Mlcfpn=de.tudarmstadt.ukp.dkpro.core.api.lexmorph.type.pos.CARD
Mlcnpn=de.tudarmstadt.ukp.dkpro.core.api.lexmorph.type.pos.CARD
Mlc-pa=de.tudarmstadt.ukp.dkpro.core.api.lexmorph.type.pos.CARD
Mlompg=de.tudarmstadt.ukp.dkpro.core.api.lexmorph.type.pos.CARD
Mlpmsd=de.tudarmstadt.ukp.dkpro.core.api.lexmorph.type.pos.CARD
Mlpfsn=de.tudarmstadt.ukp.dkpro.core.api.lexmorph.type.pos.CARD
Mlpmpl=de.tudarmstadt.ukp.dkpro.core.api.lexmorph.type.pos.CARD
Mlonsg=de.tudarmstadt.ukp.dkpro.core.api.lexmorph.type.pos.CARD
Mlpnsg=de.tudarmstadt.ukp.dkpro.core.api.lexmorph.type.pos.CARD
Mlc-pi=de.tudarmstadt.ukp.dkpro.core.api.lexmorph.type.pos.CARD
Mlcfpi=de.tudarmstadt.ukp.dkpro.core.api.lexmorph.type.pos.CARD
Mlofpl=de.tudarmstadt.ukp.dkpro.core.api.lexmorph.type.pos.CARD
Mlpmsay=de.tudarmstadt.ukp.dkpro.core.api.lexmorph.type.pos.CARD
Mlcfpg=de.tudarmstadt.ukp.dkpro.core.api.lexmorph.type.pos.CARD
Mlomsg=de.tudarmstadt.ukp.dkpro.core.api.lexmorph.type.pos.CARD
Mlpfpa=de.tudarmstadt.ukp.dkpro.core.api.lexmorph.type.pos.CARD
Mlpmsnn=de.tudarmstadt.ukp.dkpro.core.api.lexmorph.type.pos.CARD
Mlpmdn=de.tudarmstadt.ukp.dkpro.core.api.lexmorph.type.pos.CARD
Mlpfsl=de.tudarmstadt.ukp.dkpro.core.api.lexmorph.type.pos.CARD
Mlpmpa=de.tudarmstadt.ukp.dkpro.core.api.lexmorph.type.pos.CARD
Mlcfpa=de.tudarmstadt.ukp.dkpro.core.api.lexmorph.type.pos.CARD
Mlonpg=de.tudarmstadt.ukp.dkpro.core.api.lexmorph.type.pos.CARD
Mlpmpd=de.tudarmstadt.ukp.dkpro.core.api.lexmorph.type.pos.CARD
Mlpnpl=de.tudarmstadt.ukp.dkpro.core.api.lexmorph.type.pos.CARD
Mlpfpd=de.tudarmstadt.ukp.dkpro.core.api.lexmorph.type.pos.CARD
Mlpmsl=de.tudarmstadt.ukp.dkpro.core.api.lexmorph.type.pos.CARD
Mlsnsa=de.tudarmstadt.ukp.dkpro.core.api.lexmorph.type.pos.CARD
Mlpnsn=de.tudarmstadt.ukp.dkpro.core.api.lexmorph.type.pos.CARD
Mlompa=de.tudarmstadt.ukp.dkpro.core.api.lexmorph.type.pos.CARD
Mlpmpn=de.tudarmstadt.ukp.dkpro.core.api.lexmorph.type.pos.CARD
Mlpfpn=de.tudarmstadt.ukp.dkpro.core.api.lexmorph.type.pos.CARD
Mlcfda=de.tudarmstadt.ukp.dkpro.core.api.lexmorph.type.pos.CARD
Mlpnsi=de.tudarmstadt.ukp.dkpro.core.api.lexmorph.type.pos.CARD
Mlc-pg=de.tudarmstadt.ukp.dkpro.core.api.lexmorph.type.pos.CARD
Mlc-pl=de.tudarmstadt.ukp.dkpro.core.api.lexmorph.type.pos.CARD
Mlcnpa=de.tudarmstadt.ukp.dkpro.core.api.lexmorph.type.pos.CARD
Mlpnsa=de.tudarmstadt.ukp.dkpro.core.api.lexmorph.type.pos.CARD
Mlcmdn=de.tudarmstadt.ukp.dkpro.core.api.lexmorph.type.pos.CARD
Mlonpl=de.tudarmstadt.ukp.dkpro.core.api.lexmorph.type.pos.CARD
Mlcmpa=de.tudarmstadt.ukp.dkpro.core.api.lexmorph.type.pos.CARD
Mlcfdg=de.tudarmstadt.ukp.dkpro.core.api.lexmorph.type.pos.CARD
Mlcmdd=de.tudarmstadt.ukp.dkpro.core.api.lexmorph.type.pos.CARD
Mlcnda=de.tudarmstadt.ukp.dkpro.core.api.lexmorph.type.pos.CARD
Mlpfpg=de.tudarmstadt.ukp.dkpro.core.api.lexmorph.type.pos.CARD
Mlpfpi=de.tudarmstadt.ukp.dkpro.core.api.lexmorph.type.pos.CARD
Mlcndl=de.tudarmstadt.ukp.dkpro.core.api.lexmorph.type.pos.CARD
Mlpnpg=de.tudarmstadt.ukp.dkpro.core.api.lexmorph.type.pos.CARD
Mlofsg=de.tudarmstadt.ukp.dkpro.core.api.lexmorph.type.pos.CARD
Mlpfsa=de.tudarmstadt.ukp.dkpro.core.api.lexmorph.type.pos.CARD
Mlonsn=de.tudarmstadt.ukp.dkpro.core.api.lexmorph.type.pos.CARD
Mlpnsl=de.tudarmstadt.ukp.dkpro.core.api.lexmorph.type.pos.CARD
Mlonsa=de.tudarmstadt.ukp.dkpro.core.api.lexmorph.type.pos.CARD
Mlpnpa=de.tudarmstadt.ukp.dkpro.core.api.lexmorph.type.pos.CARD
Mlomdl=de.tudarmstadt.ukp.dkpro.core.api.lexmorph.type.pos.CARD
Mlc-pn=de.tudarmstadt.ukp.dkpro.core.api.lexmorph.type.pos.CARD
Mlpmpg=de.tudarmstadt.ukp.dkpro.core.api.lexmorph.type.pos.CARD
Mro=de.tudarmstadt.ukp.dkpro.core.api.lexmorph.type.pos.CARD
Mlpmsi=de.tudarmstadt.ukp.dkpro.core.api.lexmorph.type.pos.CARD
Mdo=de.tudarmstadt.ukp.dkpro.core.api.lexmorph.type.pos.CARD
Mlcmpi=de.tudarmstadt.ukp.dkpro.core.api.lexmorph.type.pos.CARD
Mlcmpn=de.tudarmstadt.ukp.dkpro.core.api.lexmorph.type.pos.CARD
Mlofpg=de.tudarmstadt.ukp.dkpro.core.api.lexmorph.type.pos.CARD
Mlomsa=de.tudarmstadt.ukp.dkpro.core.api.lexmorph.type.pos.CARD
Mlpmda=de.tudarmstadt.ukp.dkpro.core.api.lexmorph.type.pos.CARD
Mdc=de.tudarmstadt.ukp.dkpro.core.api.lexmorph.type.pos.CARD
Mlofsi=de.tudarmstadt.ukp.dkpro.core.api.lexmorph.type.pos.CARD
Mlpmsan=de.tudarmstadt.ukp.dkpro.core.api.lexmorph.type.pos.CARD
Mlomsl=de.tudarmstadt.ukp.dkpro.core.api.lexmorph.type.pos.CARD
Mlpnpn=de.tudarmstadt.ukp.dkpro.core.api.lexmorph.type.pos.CARD
Mlsfsl=de.tudarmstadt.ukp.dkpro.core.api.lexmorph.type.pos.CARD
Mlomsi=de.tudarmstadt.ukp.dkpro.core.api.lexmorph.type.pos.CARD
Mlpmsn=de.tudarmstadt.ukp.dkpro.core.api.lexmorph.type.pos.CARD
Mlpmsg=de.tudarmstadt.ukp.dkpro.core.api.lexmorph.type.pos.CARD
Mlomsn=de.tudarmstadt.ukp.dkpro.core.api.lexmorph.type.pos.CARD
Mlofsn=de.tudarmstadt.ukp.dkpro.core.api.lexmorph.type.pos.CARD
Mlcndi=de.tudarmstadt.ukp.dkpro.core.api.lexmorph.type.pos.CARD
Mlcnpl=de.tudarmstadt.ukp.dkpro.core.api.lexmorph.type.pos.CARD
Mlonsl=de.tudarmstadt.ukp.dkpro.core.api.lexmorph.type.pos.CARD
Mlompn=de.tudarmstadt.ukp.dkpro.core.api.lexmorph.type.pos.CARD
Mlsmpa=de.tudarmstadt.ukp.dkpro.core.api.lexmorph.type.pos.CARD
Mlcmdl=de.tudarmstadt.ukp.dkpro.core.api.lexmorph.type.pos.CARD
Mlcnpi=de.tudarmstadt.ukp.dkpro.core.api.lexmorph.type.pos.CARD
Mlpmpi=de.tudarmstadt.ukp.dkpro.core.api.lexmorph.type.pos.CARD
Mlpfpl=de.tudarmstadt.ukp.dkpro.core.api.lexmorph.type.pos.CARD
Mlpmsny=de.tudarmstadt.ukp.dkpro.core.api.lexmorph.type.pos.CARD
Mlcnpg=de.tudarmstadt.ukp.dkpro.core.api.lexmorph.type.pos.CARD
Mlcndg=de.tudarmstadt.ukp.dkpro.core.api.lexmorph.type.pos.CARD
Mrc=de.tudarmstadt.ukp.dkpro.core.api.lexmorph.type.pos.CARD
Mlcfdl=de.tudarmstadt.ukp.dkpro.core.api.lexmorph.type.pos.CARD
Mlpfsg=de.tudarmstadt.ukp.dkpro.core.api.lexmorph.type.pos.CARD
Mlofsl=de.tudarmstadt.ukp.dkpro.core.api.lexmorph.type.pos.CARD
Cs=de.tudarmstadt.ukp.dkpro.core.api.lexmorph.type.pos.CONJ
Cc=de.tudarmstadt.ukp.dkpro.core.api.lexmorph.type.pos.CONJ
Ncmdi=de.tudarmstadt.ukp.dkpro.core.api.lexmorph.type.pos.NN
Ncfpa=de.tudarmstadt.ukp.dkpro.core.api.lexmorph.type.pos.NN
Ncnsd=de.tudarmstadt.ukp.dkpro.core.api.lexmorph.type.pos.NN
Ncfdg=de.tudarmstadt.ukp.dkpro.core.api.lexmorph.type.pos.NN
Ncmsay=de.tudarmstadt.ukp.dkpro.core.api.lexmorph.type.pos.NN
Ncfsn=de.tudarmstadt.ukp.dkpro.core.api.lexmorph.type.pos.NN
Ncnpg=de.tudarmstadt.ukp.dkpro.core.api.lexmorph.type.pos.NN
Ncmpg=de.tudarmstadt.ukp.dkpro.core.api.lexmorph.type.pos.NN
Ncmpn=de.tudarmstadt.ukp.dkpro.core.api.lexmorph.type.pos.NN
Ncmpd=de.tudarmstadt.ukp.dkpro.core.api.lexmorph.type.pos.NN
Ncmdd=de.tudarmstadt.ukp.dkpro.core.api.lexmorph.type.pos.NN
Ncfsl=de.tudarmstadt.ukp.dkpro.core.api.lexmorph.type.pos.NN
Ncfsd=de.tudarmstadt.ukp.dkpro.core.api.lexmorph.type.pos.NN
Ncmsn=de.tudarmstadt.ukp.dkpro.core.api.lexmorph.type.pos.NN
Ncfdn=de.tudarmstadt.ukp.dkpro.core.api.lexmorph.type.pos.NN
Ncfsg=de.tudarmstadt.ukp.dkpro.core.api.lexmorph.type.pos.NN
Ncnsa=de.tudarmstadt.ukp.dkpro.core.api.lexmorph.type.pos.NN
Ncnsl=de.tudarmstadt.ukp.dkpro.core.api.lexmorph.type.pos.NN
Ncnpa=de.tudarmstadt.ukp.dkpro.core.api.lexmorph.type.pos.NN
Ncfpd=de.tudarmstadt.ukp.dkpro.core.api.lexmorph.type.pos.NN
Ncnsi=de.tudarmstadt.ukp.dkpro.core.api.lexmorph.type.pos.NN
Ncndg=de.tudarmstadt.ukp.dkpro.core.api.lexmorph.type.pos.NN
Ncmdn=de.tudarmstadt.ukp.dkpro.core.api.lexmorph.type.pos.NN
Ncmsan=de.tudarmstadt.ukp.dkpro.core.api.lexmorph.type.pos.NN
Ncfsi=de.tudarmstadt.ukp.dkpro.core.api.lexmorph.type.pos.NN
Ncfdi=de.tudarmstadt.ukp.dkpro.core.api.lexmorph.type.pos.NN
Ncmsl=de.tudarmstadt.ukp.dkpro.core.api.lexmorph.type.pos.NN
Ncndi=de.tudarmstadt.ukp.dkpro.core.api.lexmorph.type.pos.NN
Ncnpd=de.tudarmstadt.ukp.dkpro.core.api.lexmorph.type.pos.NN
Ncnsn=de.tudarmstadt.ukp.dkpro.core.api.lexmorph.type.pos.NN
Ncnpn=de.tudarmstadt.ukp.dkpro.core.api.lexmorph.type.pos.NN
Ncmsd=de.tudarmstadt.ukp.dkpro.core.api.lexmorph.type.pos.NN
Ncmsi=de.tudarmstadt.ukp.dkpro.core.api.lexmorph.type.pos.NN
Ncmpi=de.tudarmstadt.ukp.dkpro.core.api.lexmorph.type.pos.NN
Ncfpl=de.tudarmstadt.ukp.dkpro.core.api.lexmorph.type.pos.NN
Ncnda=de.tudarmstadt.ukp.dkpro.core.api.lexmorph.type.pos.NN
Ncfpi=de.tudarmstadt.ukp.dkpro.core.api.lexmorph.type.pos.NN
Ncfpg=de.tudarmstadt.ukp.dkpro.core.api.lexmorph.type.pos.NN
Ncmpl=de.tudarmstadt.ukp.dkpro.core.api.lexmorph.type.pos.NN
Ncnpi=de.tudarmstadt.ukp.dkpro.core.api.lexmorph.type.pos.NN
Ncndn=de.tudarmstadt.ukp.dkpro.core.api.lexmorph.type.pos.NN
Ncfdl=de.tudarmstadt.ukp.dkpro.core.api.lexmorph.type.pos.NN
Ncmpa=de.tudarmstadt.ukp.dkpro.core.api.lexmorph.type.pos.NN
Ncfda=de.tudarmstadt.ukp.dkpro.core.api.lexmorph.type.pos.NN
Ncmdl=de.tudarmstadt.ukp.dkpro.core.api.lexmorph.type.pos.NN
Ncndl=de.tudarmstadt.ukp.dkpro.core.api.lexmorph.type.pos.NN
Ncnsg=de.tudarmstadt.ukp.dkpro.core.api.lexmorph.type.pos.NN
Ncmsg=de.tudarmstadt.ukp.dkpro.core.api.lexmorph.type.pos.NN
Ncnpl=de.tudarmstadt.ukp.dkpro.core.api.lexmorph.type.pos.NN
Ncmdg=de.tudarmstadt.ukp.dkpro.core.api.lexmorph.type.pos.NN
Ncmda=de.tudarmstadt.ukp.dkpro.core.api.lexmorph.type.pos.NN
Ncfpn=de.tudarmstadt.ukp.dkpro.core.api.lexmorph.type.pos.NN
Ncfsa=de.tudarmstadt.ukp.dkpro.core.api.lexmorph.type.pos.NN
Npfpl=de.tudarmstadt.ukp.dkpro.core.api.lexmorph.type.pos.NP
Npnsa=de.tudarmstadt.ukp.dkpro.core.api.lexmorph.type.pos.NP
Npmsi=de.tudarmstadt.ukp.dkpro.core.api.lexmorph.type.pos.NP
Npmsay=de.tudarmstadt.ukp.dkpro.core.api.lexmorph.type.pos.NP
Npmpn=de.tudarmstadt.ukp.dkpro.core.api.lexmorph.type.pos.NP
Npfpa=de.tudarmstadt.ukp.dkpro.core.api.lexmorph.type.pos.NP
Npmpi=de.tudarmstadt.ukp.dkpro.core.api.lexmorph.type.pos.NP
Npmpl=de.tudarmstadt.ukp.dkpro.core.api.lexmorph.type.pos.NP
Npfsl=de.tudarmstadt.ukp.dkpro.core.api.lexmorph.type.pos.NP
Npnsg=de.tudarmstadt.ukp.dkpro.core.api.lexmorph.type.pos.NP
Npmsan=de.tudarmstadt.ukp.dkpro.core.api.lexmorph.type.pos.NP
Npmsn=de.tudarmstadt.ukp.dkpro.core.api.lexmorph.type.pos.NP
Npfsg=de.tudarmstadt.ukp.dkpro.core.api.lexmorph.type.pos.NP
Npfsd=de.tudarmstadt.ukp.dkpro.core.api.lexmorph.type.pos.NP
Npnsi=de.tudarmstadt.ukp.dkpro.core.api.lexmorph.type.pos.NP
Npfsn=de.tudarmstadt.ukp.dkpro.core.api.lexmorph.type.pos.NP
Npmsg=de.tudarmstadt.ukp.dkpro.core.api.lexmorph.type.pos.NP
Npnsn=de.tudarmstadt.ukp.dkpro.core.api.lexmorph.type.pos.NP
Npfsa=de.tudarmstadt.ukp.dkpro.core.api.lexmorph.type.pos.NP
Npfpg=de.tudarmstadt.ukp.dkpro.core.api.lexmorph.type.pos.NP
Npfsi=de.tudarmstadt.ukp.dkpro.core.api.lexmorph.type.pos.NP
Npmpg=de.tudarmstadt.ukp.dkpro.core.api.lexmorph.type.pos.NP
Npfpn=de.tudarmstadt.ukp.dkpro.core.api.lexmorph.type.pos.NP
Npmsl=de.tudarmstadt.ukp.dkpro.core.api.lexmorph.type.pos.NP
Npmpa=de.tudarmstadt.ukp.dkpro.core.api.lexmorph.type.pos.NP
Npnsl=de.tudarmstadt.ukp.dkpro.core.api.lexmorph.type.pos.NP
Npmsd=de.tudarmstadt.ukp.dkpro.core.api.lexmorph.type.pos.NP
Sd=de.tudarmstadt.ukp.dkpro.core.api.lexmorph.type.pos.PP
Sg=de.tudarmstadt.ukp.dkpro.core.api.lexmorph.type.pos.PP
Sl=de.tudarmstadt.ukp.dkpro.core.api.lexmorph.type.pos.PP
Sa=de.tudarmstadt.ukp.dkpro.core.api.lexmorph.type.pos.PP
Si=de.tudarmstadt.ukp.dkpro.core.api.lexmorph.type.pos.PP
Pd-msl=de.tudarmstadt.ukp.dkpro.core.api.lexmorph.type.pos.PR
Ps1mslp=de.tudarmstadt.ukp.dkpro.core.api.lexmorph.type.pos.PR
Ps3nplp=de.tudarmstadt.ukp.dkpro.core.api.lexmorph.type.pos.PR
Pg-mdg=de.tudarmstadt.ukp.dkpro.core.api.lexmorph.type.pos.PR
Pp2-sg=de.tudarmstadt.ukp.dkpro.core.api.lexmorph.type.pos.PR
Px-npg=de.tudarmstadt.ukp.dkpro.core.api.lexmorph.type.pos.PR
Pg-nsa=de.tudarmstadt.ukp.dkpro.core.api.lexmorph.type.pos.PR
Ps3nsisf=de.tudarmstadt.ukp.dkpro.core.api.lexmorph.type.pos.PR
Ps3fsdsm=de.tudarmstadt.ukp.dkpro.core.api.lexmorph.type.pos.PR
Pp3msa--b=de.tudarmstadt.ukp.dkpro.core.api.lexmorph.type.pos.PR
Pq-mpl=de.tudarmstadt.ukp.dkpro.core.api.lexmorph.type.pos.PR
Ps3fsgsf=de.tudarmstadt.ukp.dkpro.core.api.lexmorph.type.pos.PR
Pp3mda=de.tudarmstadt.ukp.dkpro.core.api.lexmorph.type.pos.PR
Pg-nsg=de.tudarmstadt.ukp.dkpro.core.api.lexmorph.type.pos.PR
Pg-fpl=de.tudarmstadt.ukp.dkpro.core.api.lexmorph.type.pos.PR
Pp3mdi=de.tudarmstadt.ukp.dkpro.core.api.lexmorph.type.pos.PR
Pp3mda--y=de.tudarmstadt.ukp.dkpro.core.api.lexmorph.type.pos.PR
Pr-nsl=de.tudarmstadt.ukp.dkpro.core.api.lexmorph.type.pos.PR
Ps2mpls=de.tudarmstadt.ukp.dkpro.core.api.lexmorph.type.pos.PR
Pp1mpn=de.tudarmstadt.ukp.dkpro.core.api.lexmorph.type.pos.PR
Pd-nsd=de.tudarmstadt.ukp.dkpro.core.api.lexmorph.type.pos.PR
Pr-fsg=de.tudarmstadt.ukp.dkpro.core.api.lexmorph.type.pos.PR
Ps3fslp=de.tudarmstadt.ukp.dkpro.core.api.lexmorph.type.pos.PR
Ps2mpdp=de.tudarmstadt.ukp.dkpro.core.api.lexmorph.type.pos.PR
Ps1nsgp=de.tudarmstadt.ukp.dkpro.core.api.lexmorph.type.pos.PR
Pp3mpi=de.tudarmstadt.ukp.dkpro.core.api.lexmorph.type.pos.PR
Px-npl=de.tudarmstadt.ukp.dkpro.core.api.lexmorph.type.pos.PR
Pp3fda--y=de.tudarmstadt.ukp.dkpro.core.api.lexmorph.type.pos.PR
Ps3fsism=de.tudarmstadt.ukp.dkpro.core.api.lexmorph.type.pos.PR
Ps3npnp=de.tudarmstadt.ukp.dkpro.core.api.lexmorph.type.pos.PR
Ps3msld=de.tudarmstadt.ukp.dkpro.core.api.lexmorph.type.pos.PR
Pq-nsi=de.tudarmstadt.ukp.dkpro.core.api.lexmorph.type.pos.PR
Pq-fpl=de.tudarmstadt.ukp.dkpro.core.api.lexmorph.type.pos.PR
Pi-fpg=de.tudarmstadt.ukp.dkpro.core.api.lexmorph.type.pos.PR
Ps3nsasf=de.tudarmstadt.ukp.dkpro.core.api.lexmorph.type.pos.PR
Ps1fsap=de.tudarmstadt.ukp.dkpro.core.api.lexmorph.type.pos.PR
Ps3mpnp=de.tudarmstadt.ukp.dkpro.core.api.lexmorph.type.pos.PR
Pz-fsg=de.tudarmstadt.ukp.dkpro.core.api.lexmorph.type.pos.PR
Pp2-sd=de.tudarmstadt.ukp.dkpro.core.api.lexmorph.type.pos.PR
Ps3fsnsf=de.tudarmstadt.ukp.dkpro.core.api.lexmorph.type.pos.PR
Ps3fslsf=de.tudarmstadt.ukp.dkpro.core.api.lexmorph.type.pos.PR
Pp2-sg--y=de.tudarmstadt.ukp.dkpro.core.api.lexmorph.type.pos.PR
Pi-mpd=de.tudarmstadt.ukp.dkpro.core.api.lexmorph.type.pos.PR
Pq-fpa=de.tudarmstadt.ukp.dkpro.core.api.lexmorph.type.pos.PR
Pp2-dd=de.tudarmstadt.ukp.dkpro.core.api.lexmorph.type.pos.PR
Ps3fsasm=de.tudarmstadt.ukp.dkpro.core.api.lexmorph.type.pos.PR
Pg-fdg=de.tudarmstadt.ukp.dkpro.core.api.lexmorph.type.pos.PR
Pi-npa=de.tudarmstadt.ukp.dkpro.core.api.lexmorph.type.pos.PR
Pp3mpa--y=de.tudarmstadt.ukp.dkpro.core.api.lexmorph.type.pos.PR
Pd-mdg=de.tudarmstadt.ukp.dkpro.core.api.lexmorph.type.pos.PR
Pp3mdg=de.tudarmstadt.ukp.dkpro.core.api.lexmorph.type.pos.PR
Ps3fpdp=de.tudarmstadt.ukp.dkpro.core.api.lexmorph.type.pos.PR
Ps2msnp=de.tudarmstadt.ukp.dkpro.core.api.lexmorph.type.pos.PR
Px-msa=de.tudarmstadt.ukp.dkpro.core.api.lexmorph.type.pos.PR
Ps3nsnp=de.tudarmstadt.ukp.dkpro.core.api.lexmorph.type.pos.PR
Pd-mpg=de.tudarmstadt.ukp.dkpro.core.api.lexmorph.type.pos.PR
Pd-nsi=de.tudarmstadt.ukp.dkpro.core.api.lexmorph.type.pos.PR
Pi-fsn=de.tudarmstadt.ukp.dkpro.core.api.lexmorph.type.pos.PR
Pg-msn=de.tudarmstadt.ukp.dkpro.core.api.lexmorph.type.pos.PR
Pp1-sa=de.tudarmstadt.ukp.dkpro.core.api.lexmorph.type.pos.PR
Pq-msi=de.tudarmstadt.ukp.dkpro.core.api.lexmorph.type.pos.PR
Pg-fpi=de.tudarmstadt.ukp.dkpro.core.api.lexmorph.type.pos.PR
Ps2nslp=de.tudarmstadt.ukp.dkpro.core.api.lexmorph.type.pos.PR
Px-npa=de.tudarmstadt.ukp.dkpro.core.api.lexmorph.type.pos.PR
Pr-msn=de.tudarmstadt.ukp.dkpro.core.api.lexmorph.type.pos.PR
Pp2-da=de.tudarmstadt.ukp.dkpro.core.api.lexmorph.type.pos.PR
Pq-msd=de.tudarmstadt.ukp.dkpro.core.api.lexmorph.type.pos.PR
Pd-fpg=de.tudarmstadt.ukp.dkpro.core.api.lexmorph.type.pos.PR
Ps3fpasm=de.tudarmstadt.ukp.dkpro.core.api.lexmorph.type.pos.PR
Pr----sm=de.tudarmstadt.ukp.dkpro.core.api.lexmorph.type.pos.PR
Pr-nsi=de.tudarmstadt.ukp.dkpro.core.api.lexmorph.type.pos.PR
Ps3msnsf=de.tudarmstadt.ukp.dkpro.core.api.lexmorph.type.pos.PR
Pp1-dg=de.tudarmstadt.ukp.dkpro.core.api.lexmorph.type.pos.PR
Ps3fsnsm=de.tudarmstadt.ukp.dkpro.core.api.lexmorph.type.pos.PR
Pp1-sn=de.tudarmstadt.ukp.dkpro.core.api.lexmorph.type.pos.PR
Ps3nsgsf=de.tudarmstadt.ukp.dkpro.core.api.lexmorph.type.pos.PR
Pp2-sd--y=de.tudarmstadt.ukp.dkpro.core.api.lexmorph.type.pos.PR
Pp3npa--b=de.tudarmstadt.ukp.dkpro.core.api.lexmorph.type.pos.PR
Pi-nsg=de.tudarmstadt.ukp.dkpro.core.api.lexmorph.type.pos.PR
Pp3fpi=de.tudarmstadt.ukp.dkpro.core.api.lexmorph.type.pos.PR
Pp2mdn=de.tudarmstadt.ukp.dkpro.core.api.lexmorph.type.pos.PR
Ps3mpnsm=de.tudarmstadt.ukp.dkpro.core.api.lexmorph.type.pos.PR
Pg-mpn=de.tudarmstadt.ukp.dkpro.core.api.lexmorph.type.pos.PR
Pq-nsd=de.tudarmstadt.ukp.dkpro.core.api.lexmorph.type.pos.PR
Ps3fpnsm=de.tudarmstadt.ukp.dkpro.core.api.lexmorph.type.pos.PR
Ps3fslsm=de.tudarmstadt.ukp.dkpro.core.api.lexmorph.type.pos.PR
Pg-npn=de.tudarmstadt.ukp.dkpro.core.api.lexmorph.type.pos.PR
Pp3msg=de.tudarmstadt.ukp.dkpro.core.api.lexmorph.type.pos.PR
Pp1-pa=de.tudarmstadt.ukp.dkpro.core.api.lexmorph.type.pos.PR
Px-mpd=de.tudarmstadt.ukp.dkpro.core.api.lexmorph.type.pos.PR
Pi-msl=de.tudarmstadt.ukp.dkpro.core.api.lexmorph.type.pos.PR
Pq-fpg=de.tudarmstadt.ukp.dkpro.core.api.lexmorph.type.pos.PR
Pd-fsa=de.tudarmstadt.ukp.dkpro.core.api.lexmorph.type.pos.PR
Pq-mpa=de.tudarmstadt.ukp.dkpro.core.api.lexmorph.type.pos.PR
Pd-fda=de.tudarmstadt.ukp.dkpro.core.api.lexmorph.type.pos.PR
Ps2nsnp=de.tudarmstadt.ukp.dkpro.core.api.lexmorph.type.pos.PR
Pi-npn=de.tudarmstadt.ukp.dkpro.core.api.lexmorph.type.pos.PR
Pz-fsl=de.tudarmstadt.ukp.dkpro.core.api.lexmorph.type.pos.PR
Pr-fsa=de.tudarmstadt.ukp.dkpro.core.api.lexmorph.type.pos.PR
Pd-mdi=de.tudarmstadt.ukp.dkpro.core.api.lexmorph.type.pos.PR
Pg-mpl=de.tudarmstadt.ukp.dkpro.core.api.lexmorph.type.pos.PR
Pz-nsa=de.tudarmstadt.ukp.dkpro.core.api.lexmorph.type.pos.PR
Pd-fpa=de.tudarmstadt.ukp.dkpro.core.api.lexmorph.type.pos.PR
Ps3nslsm=de.tudarmstadt.ukp.dkpro.core.api.lexmorph.type.pos.PR
Ps3mpasm=de.tudarmstadt.ukp.dkpro.core.api.lexmorph.type.pos.PR
Pp2-sl=de.tudarmstadt.ukp.dkpro.core.api.lexmorph.type.pos.PR
Ps2nsgp=de.tudarmstadt.ukp.dkpro.core.api.lexmorph.type.pos.PR
Pr-fsl=de.tudarmstadt.ukp.dkpro.core.api.lexmorph.type.pos.PR
Ps2fpnp=de.tudarmstadt.ukp.dkpro.core.api.lexmorph.type.pos.PR
Pd-msd=de.tudarmstadt.ukp.dkpro.core.api.lexmorph.type.pos.PR
Ps3fpip=de.tudarmstadt.ukp.dkpro.core.api.lexmorph.type.pos.PR
Pi-msa=de.tudarmstadt.ukp.dkpro.core.api.lexmorph.type.pos.PR
Pg-npa=de.tudarmstadt.ukp.dkpro.core.api.lexmorph.type.pos.PR
Pp1-da=de.tudarmstadt.ukp.dkpro.core.api.lexmorph.type.pos.PR
Pq-fpn=de.tudarmstadt.ukp.dkpro.core.api.lexmorph.type.pos.PR
Ps1nsap=de.tudarmstadt.ukp.dkpro.core.api.lexmorph.type.pos.PR
Ps3fplp=de.tudarmstadt.ukp.dkpro.core.api.lexmorph.type.pos.PR
Px-nsg=de.tudarmstadt.ukp.dkpro.core.api.lexmorph.type.pos.PR
Ps3mslsm=de.tudarmstadt.ukp.dkpro.core.api.lexmorph.type.pos.PR
Pp3fpa--b=de.tudarmstadt.ukp.dkpro.core.api.lexmorph.type.pos.PR
Ps1fpnp=de.tudarmstadt.ukp.dkpro.core.api.lexmorph.type.pos.PR
Pd-mpa=de.tudarmstadt.ukp.dkpro.core.api.lexmorph.type.pos.PR
Pd-mpi=de.tudarmstadt.ukp.dkpro.core.api.lexmorph.type.pos.PR
Pp3mdg--y=de.tudarmstadt.ukp.dkpro.core.api.lexmorph.type.pos.PR
Ps1fsnp=de.tudarmstadt.ukp.dkpro.core.api.lexmorph.type.pos.PR
Ps3nsap=de.tudarmstadt.ukp.dkpro.core.api.lexmorph.type.pos.PR
Pp3msn=de.tudarmstadt.ukp.dkpro.core.api.lexmorph.type.pos.PR
Px---a--b=de.tudarmstadt.ukp.dkpro.core.api.lexmorph.type.pos.PR
Ps3nsgp=de.tudarmstadt.ukp.dkpro.core.api.lexmorph.type.pos.PR
Pi-npg=de.tudarmstadt.ukp.dkpro.core.api.lexmorph.type.pos.PR
Ps2npnp=de.tudarmstadt.ukp.dkpro.core.api.lexmorph.type.pos.PR
Pq-fsg=de.tudarmstadt.ukp.dkpro.core.api.lexmorph.type.pos.PR
Pg-msa=de.tudarmstadt.ukp.dkpro.core.api.lexmorph.type.pos.PR
Pz-fsn=de.tudarmstadt.ukp.dkpro.core.api.lexmorph.type.pos.PR
Pp2-pd=de.tudarmstadt.ukp.dkpro.core.api.lexmorph.type.pos.PR
Pi-fsl=de.tudarmstadt.ukp.dkpro.core.api.lexmorph.type.pos.PR
Pi-npl=de.tudarmstadt.ukp.dkpro.core.api.lexmorph.type.pos.PR
Ps2fsgp=de.tudarmstadt.ukp.dkpro.core.api.lexmorph.type.pos.PR
Pd-msi=de.tudarmstadt.ukp.dkpro.core.api.lexmorph.type.pos.PR
Pg-mpg=de.tudarmstadt.ukp.dkpro.core.api.lexmorph.type.pos.PR
Px-mpg=de.tudarmstadt.ukp.dkpro.core.api.lexmorph.type.pos.PR
Pg-fsl=de.tudarmstadt.ukp.dkpro.core.api.lexmorph.type.pos.PR
Pp3fpg--y=de.tudarmstadt.ukp.dkpro.core.api.lexmorph.type.pos.PR
Pz-msd=de.tudarmstadt.ukp.dkpro.core.api.lexmorph.type.pos.PR
Ps2msip=de.tudarmstadt.ukp.dkpro.core.api.lexmorph.type.pos.PR
Pp3npg--y=de.tudarmstadt.ukp.dkpro.core.api.lexmorph.type.pos.PR
Ps1msns=de.tudarmstadt.ukp.dkpro.core.api.lexmorph.type.pos.PR
Ps3fpasf=de.tudarmstadt.ukp.dkpro.core.api.lexmorph.type.pos.PR
Ps2msap=de.tudarmstadt.ukp.dkpro.core.api.lexmorph.type.pos.PR
Px-mpa=de.tudarmstadt.ukp.dkpro.core.api.lexmorph.type.pos.PR
Ps3nsasm=de.tudarmstadt.ukp.dkpro.core.api.lexmorph.type.pos.PR
Pd-mdd=de.tudarmstadt.ukp.dkpro.core.api.lexmorph.type.pos.PR
Ps3fsgsm=de.tudarmstadt.ukp.dkpro.core.api.lexmorph.type.pos.PR
Pg-mdl=de.tudarmstadt.ukp.dkpro.core.api.lexmorph.type.pos.PR
Ps3nsdsf=de.tudarmstadt.ukp.dkpro.core.api.lexmorph.type.pos.PR
Pp3msa--y=de.tudarmstadt.ukp.dkpro.core.api.lexmorph.type.pos.PR
Pp3msa=de.tudarmstadt.ukp.dkpro.core.api.lexmorph.type.pos.PR
Ps3fpisf=de.tudarmstadt.ukp.dkpro.core.api.lexmorph.type.pos.PR
Pr-nsn=de.tudarmstadt.ukp.dkpro.core.api.lexmorph.type.pos.PR
Ps2fslp=de.tudarmstadt.ukp.dkpro.core.api.lexmorph.type.pos.PR
Pp3msd=de.tudarmstadt.ukp.dkpro.core.api.lexmorph.type.pos.PR
Pq-fsn=de.tudarmstadt.ukp.dkpro.core.api.lexmorph.type.pos.PR
Ps3fsgp=de.tudarmstadt.ukp.dkpro.core.api.lexmorph.type.pos.PR
Pp3fpa--y=de.tudarmstadt.ukp.dkpro.core.api.lexmorph.type.pos.PR
Pi-fpa=de.tudarmstadt.ukp.dkpro.core.api.lexmorph.type.pos.PR
Pr-msg=de.tudarmstadt.ukp.dkpro.core.api.lexmorph.type.pos.PR
Pd-fpn=de.tudarmstadt.ukp.dkpro.core.api.lexmorph.type.pos.PR
Pd-mpl=de.tudarmstadt.ukp.dkpro.core.api.lexmorph.type.pos.PR
Pi-npi=de.tudarmstadt.ukp.dkpro.core.api.lexmorph.type.pos.PR
Pp3fsl=de.tudarmstadt.ukp.dkpro.core.api.lexmorph.type.pos.PR
Pq-nsn=de.tudarmstadt.ukp.dkpro.core.api.lexmorph.type.pos.PR
Pp3mdd--y=de.tudarmstadt.ukp.dkpro.core.api.lexmorph.type.pos.PR
Pq-nsg=de.tudarmstadt.ukp.dkpro.core.api.lexmorph.type.pos.PR
Pg-fsn=de.tudarmstadt.ukp.dkpro.core.api.lexmorph.type.pos.PR
Pq-mpi=de.tudarmstadt.ukp.dkpro.core.api.lexmorph.type.pos.PR
Ps3fsap=de.tudarmstadt.ukp.dkpro.core.api.lexmorph.type.pos.PR
Ps3fsnp=de.tudarmstadt.ukp.dkpro.core.api.lexmorph.type.pos.PR
Pd-nsn=de.tudarmstadt.ukp.dkpro.core.api.lexmorph.type.pos.PR
Pq-npg=de.tudarmstadt.ukp.dkpro.core.api.lexmorph.type.pos.PR
Pd-npa=de.tudarmstadt.ukp.dkpro.core.api.lexmorph.type.pos.PR
Ps3msasf=de.tudarmstadt.ukp.dkpro.core.api.lexmorph.type.pos.PR
Ps3msdsf=de.tudarmstadt.ukp.dkpro.core.api.lexmorph.type.pos.PR
Pi-mpn=de.tudarmstadt.ukp.dkpro.core.api.lexmorph.type.pos.PR
Pp2-sn=de.tudarmstadt.ukp.dkpro.core.api.lexmorph.type.pos.PR
Pd-msa=de.tudarmstadt.ukp.dkpro.core.api.lexmorph.type.pos.PR
Pd-mdn=de.tudarmstadt.ukp.dkpro.core.api.lexmorph.type.pos.PR
Pi-msd=de.tudarmstadt.ukp.dkpro.core.api.lexmorph.type.pos.PR
Pd-fsd=de.tudarmstadt.ukp.dkpro.core.api.lexmorph.type.pos.PR
Pi-msg=de.tudarmstadt.ukp.dkpro.core.api.lexmorph.type.pos.PR
Pp2-sa--b=de.tudarmstadt.ukp.dkpro.core.api.lexmorph.type.pos.PR
Pq-fpd=de.tudarmstadt.ukp.dkpro.core.api.lexmorph.type.pos.PR
Pi-mpi=de.tudarmstadt.ukp.dkpro.core.api.lexmorph.type.pos.PR
Pg-nsl=de.tudarmstadt.ukp.dkpro.core.api.lexmorph.type.pos.PR
Pg-fdl=de.tudarmstadt.ukp.dkpro.core.api.lexmorph.type.pos.PR
Pg-fpg=de.tudarmstadt.ukp.dkpro.core.api.lexmorph.type.pos.PR
Pd-fsi=de.tudarmstadt.ukp.dkpro.core.api.lexmorph.type.pos.PR
Pd-fdi=de.tudarmstadt.ukp.dkpro.core.api.lexmorph.type.pos.PR
Px-fsa=de.tudarmstadt.ukp.dkpro.core.api.lexmorph.type.pos.PR
Ps1mpap=de.tudarmstadt.ukp.dkpro.core.api.lexmorph.type.pos.PR
Pg-fpa=de.tudarmstadt.ukp.dkpro.core.api.lexmorph.type.pos.PR
Pp3mpg=de.tudarmstadt.ukp.dkpro.core.api.lexmorph.type.pos.PR
Ps2fsap=de.tudarmstadt.ukp.dkpro.core.api.lexmorph.type.pos.PR
Ps3mpgsf=de.tudarmstadt.ukp.dkpro.core.api.lexmorph.type.pos.PR
Pz-fpn=de.tudarmstadt.ukp.dkpro.core.api.lexmorph.type.pos.PR
Pp3fsg=de.tudarmstadt.ukp.dkpro.core.api.lexmorph.type.pos.PR
Ps3mpnsf=de.tudarmstadt.ukp.dkpro.core.api.lexmorph.type.pos.PR
Pg-nsi=de.tudarmstadt.ukp.dkpro.core.api.lexmorph.type.pos.PR
Ps3msgsm=de.tudarmstadt.ukp.dkpro.core.api.lexmorph.type.pos.PR
Px-fsd=de.tudarmstadt.ukp.dkpro.core.api.lexmorph.type.pos.PR
Pp2-pi=de.tudarmstadt.ukp.dkpro.core.api.lexmorph.type.pos.PR
Pz-msg=de.tudarmstadt.ukp.dkpro.core.api.lexmorph.type.pos.PR
Pq-msg=de.tudarmstadt.ukp.dkpro.core.api.lexmorph.type.pos.PR
Pd-fpl=de.tudarmstadt.ukp.dkpro.core.api.lexmorph.type.pos.PR
Pr-msl=de.tudarmstadt.ukp.dkpro.core.api.lexmorph.type.pos.PR
Pq-msn=de.tudarmstadt.ukp.dkpro.core.api.lexmorph.type.pos.PR
Pp3fsa--b=de.tudarmstadt.ukp.dkpro.core.api.lexmorph.type.pos.PR
Px-fpg=de.tudarmstadt.ukp.dkpro.core.api.lexmorph.type.pos.PR
Ps3msap=de.tudarmstadt.ukp.dkpro.core.api.lexmorph.type.pos.PR
Pi-fpn=de.tudarmstadt.ukp.dkpro.core.api.lexmorph.type.pos.PR
Ps3mpasf=de.tudarmstadt.ukp.dkpro.core.api.lexmorph.type.pos.PR
Pi-nsi=de.tudarmstadt.ukp.dkpro.core.api.lexmorph.type.pos.PR
Pp3mpg--y=de.tudarmstadt.ukp.dkpro.core.api.lexmorph.type.pos.PR
Ps3nsism=de.tudarmstadt.ukp.dkpro.core.api.lexmorph.type.pos.PR
Pp3fpg=de.tudarmstadt.ukp.dkpro.core.api.lexmorph.type.pos.PR
Pp1-pg=de.tudarmstadt.ukp.dkpro.core.api.lexmorph.type.pos.PR
Ps2nsap=de.tudarmstadt.ukp.dkpro.core.api.lexmorph.type.pos.PR
Pr-fsn=de.tudarmstadt.ukp.dkpro.core.api.lexmorph.type.pos.PR
Pd-npg=de.tudarmstadt.ukp.dkpro.core.api.lexmorph.type.pos.PR
Pi-msn=de.tudarmstadt.ukp.dkpro.core.api.lexmorph.type.pos.PR
Px-nsa=de.tudarmstadt.ukp.dkpro.core.api.lexmorph.type.pos.PR
Px------y=de.tudarmstadt.ukp.dkpro.core.api.lexmorph.type.pos.PR
Pz-nsl=de.tudarmstadt.ukp.dkpro.core.api.lexmorph.type.pos.PR
Pz-mpg=de.tudarmstadt.ukp.dkpro.core.api.lexmorph.type.pos.PR
Pq-nsl=de.tudarmstadt.ukp.dkpro.core.api.lexmorph.type.pos.PR
Ps1mplp=de.tudarmstadt.ukp.dkpro.core.api.lexmorph.type.pos.PR
Px-fsg=de.tudarmstadt.ukp.dkpro.core.api.lexmorph.type.pos.PR
Pp3fsa--y=de.tudarmstadt.ukp.dkpro.core.api.lexmorph.type.pos.PR
Pp2-pa=de.tudarmstadt.ukp.dkpro.core.api.lexmorph.type.pos.PR
Pp3msg--y=de.tudarmstadt.ukp.dkpro.core.api.lexmorph.type.pos.PR
Ps3msgp=de.tudarmstadt.ukp.dkpro.core.api.lexmorph.type.pos.PR
Px---a=de.tudarmstadt.ukp.dkpro.core.api.lexmorph.type.pos.PR
Pz-msn=de.tudarmstadt.ukp.dkpro.core.api.lexmorph.type.pos.PR
Pr-msd=de.tudarmstadt.ukp.dkpro.core.api.lexmorph.type.pos.PR
Pz-fpa=de.tudarmstadt.ukp.dkpro.core.api.lexmorph.type.pos.PR
Ps3fpnsf=de.tudarmstadt.ukp.dkpro.core.api.lexmorph.type.pos.PR
Pr-msa=de.tudarmstadt.ukp.dkpro.core.api.lexmorph.type.pos.PR
Pd-npl=de.tudarmstadt.ukp.dkpro.core.api.lexmorph.type.pos.PR
Pg-fpd=de.tudarmstadt.ukp.dkpro.core.api.lexmorph.type.pos.PR
Pp3mpn=de.tudarmstadt.ukp.dkpro.core.api.lexmorph.type.pos.PR
Px-fpl=de.tudarmstadt.ukp.dkpro.core.api.lexmorph.type.pos.PR
Pd-fpd=de.tudarmstadt.ukp.dkpro.core.api.lexmorph.type.pos.PR
Ps3mpap=de.tudarmstadt.ukp.dkpro.core.api.lexmorph.type.pos.PR
Pq-fsa=de.tudarmstadt.ukp.dkpro.core.api.lexmorph.type.pos.PR
Ps3mpgp=de.tudarmstadt.ukp.dkpro.core.api.lexmorph.type.pos.PR
Ps3fsasf=de.tudarmstadt.ukp.dkpro.core.api.lexmorph.type.pos.PR
Ps3mplsm=de.tudarmstadt.ukp.dkpro.core.api.lexmorph.type.pos.PR
Ps2fsip=de.tudarmstadt.ukp.dkpro.core.api.lexmorph.type.pos.PR
Pq-mpg=de.tudarmstadt.ukp.dkpro.core.api.lexmorph.type.pos.PR
Ps3msid=de.tudarmstadt.ukp.dkpro.core.api.lexmorph.type.pos.PR
Px-fsl=de.tudarmstadt.ukp.dkpro.core.api.lexmorph.type.pos.PR
Pi-fsg=de.tudarmstadt.ukp.dkpro.core.api.lexmorph.type.pos.PR
Ps2msgp=de.tudarmstadt.ukp.dkpro.core.api.lexmorph.type.pos.PR
Px---d=de.tudarmstadt.ukp.dkpro.core.api.lexmorph.type.pos.PR
Pp3mpa--b=de.tudarmstadt.ukp.dkpro.core.api.lexmorph.type.pos.PR
Ps3mpgd=de.tudarmstadt.ukp.dkpro.core.api.lexmorph.type.pos.PR
Pz-nsg=de.tudarmstadt.ukp.dkpro.core.api.lexmorph.type.pos.PR
Pp1-pi=de.tudarmstadt.ukp.dkpro.core.api.lexmorph.type.pos.PR
Pq-fsl=de.tudarmstadt.ukp.dkpro.core.api.lexmorph.type.pos.PR
Ps2fpap=de.tudarmstadt.ukp.dkpro.core.api.lexmorph.type.pos.PR
Ps1nslp=de.tudarmstadt.ukp.dkpro.core.api.lexmorph.type.pos.PR
Px---g=de.tudarmstadt.ukp.dkpro.core.api.lexmorph.type.pos.PR
Px-nsl=de.tudarmstadt.ukp.dkpro.core.api.lexmorph.type.pos.PR
Pq-msl=de.tudarmstadt.ukp.dkpro.core.api.lexmorph.type.pos.PR
Pp3fsg--y=de.tudarmstadt.ukp.dkpro.core.api.lexmorph.type.pos.PR
Pp3mpl=de.tudarmstadt.ukp.dkpro.core.api.lexmorph.type.pos.PR
Pp1-sd--y=de.tudarmstadt.ukp.dkpro.core.api.lexmorph.type.pos.PR
Px-msi=de.tudarmstadt.ukp.dkpro.core.api.lexmorph.type.pos.PR
Ps2msns=de.tudarmstadt.ukp.dkpro.core.api.lexmorph.type.pos.PR
Ps1mpnp=de.tudarmstadt.ukp.dkpro.core.api.lexmorph.type.pos.PR
Px-msd=de.tudarmstadt.ukp.dkpro.core.api.lexmorph.type.pos.PR
Ps3msasm=de.tudarmstadt.ukp.dkpro.core.api.lexmorph.type.pos.PR
Ps1msnp=de.tudarmstadt.ukp.dkpro.core.api.lexmorph.type.pos.PR
Pi-mpl=de.tudarmstadt.ukp.dkpro.core.api.lexmorph.type.pos.PR
Ps3mpip=de.tudarmstadt.ukp.dkpro.core.api.lexmorph.type.pos.PR
Ps3nsgsm=de.tudarmstadt.ukp.dkpro.core.api.lexmorph.type.pos.PR
Pi-nsa=de.tudarmstadt.ukp.dkpro.core.api.lexmorph.type.pos.PR
Pq-nsa=de.tudarmstadt.ukp.dkpro.core.api.lexmorph.type.pos.PR
Pd-fsl=de.tudarmstadt.ukp.dkpro.core.api.lexmorph.type.pos.PR
Pg-msd=de.tudarmstadt.ukp.dkpro.core.api.lexmorph.type.pos.PR
Ps3fpap=de.tudarmstadt.ukp.dkpro.core.api.lexmorph.type.pos.PR
Pg-ndl=de.tudarmstadt.ukp.dkpro.core.api.lexmorph.type.pos.PR
Px-fpa=de.tudarmstadt.ukp.dkpro.core.api.lexmorph.type.pos.PR
Pg-fsa=de.tudarmstadt.ukp.dkpro.core.api.lexmorph.type.pos.PR
Ps3mplp=de.tudarmstadt.ukp.dkpro.core.api.lexmorph.type.pos.PR
Ps3nsnsm=de.tudarmstadt.ukp.dkpro.core.api.lexmorph.type.pos.PR
Pd-npn=de.tudarmstadt.ukp.dkpro.core.api.lexmorph.type.pos.PR
Pg-fpn=de.tudarmstadt.ukp.dkpro.core.api.lexmorph.type.pos.PR
Ps3nslsf=de.tudarmstadt.ukp.dkpro.core.api.lexmorph.type.pos.PR
Pp1-sa--y=de.tudarmstadt.ukp.dkpro.core.api.lexmorph.type.pos.PR
Pr-nsa=de.tudarmstadt.ukp.dkpro.core.api.lexmorph.type.pos.PR
Pd-nsl=de.tudarmstadt.ukp.dkpro.core.api.lexmorph.type.pos.PR
Pp1-sg=de.tudarmstadt.ukp.dkpro.core.api.lexmorph.type.pos.PR
Pp1-pd=de.tudarmstadt.ukp.dkpro.core.api.lexmorph.type.pos.PR
Ps3msisf=de.tudarmstadt.ukp.dkpro.core.api.lexmorph.type.pos.PR
Pd-mpn=de.tudarmstadt.ukp.dkpro.core.api.lexmorph.type.pos.PR
Px-fpi=de.tudarmstadt.ukp.dkpro.core.api.lexmorph.type.pos.PR
Pg-mpd=de.tudarmstadt.ukp.dkpro.core.api.lexmorph.type.pos.PR
Pp3msd--y=de.tudarmstadt.ukp.dkpro.core.api.lexmorph.type.pos.PR
Pg-fsi=de.tudarmstadt.ukp.dkpro.core.api.lexmorph.type.pos.PR
Pd-msn=de.tudarmstadt.ukp.dkpro.core.api.lexmorph.type.pos.PR
Ps2msdp=de.tudarmstadt.ukp.dkpro.core.api.lexmorph.type.pos.PR
Pi-nsn=de.tudarmstadt.ukp.dkpro.core.api.lexmorph.type.pos.PR
Pi-fpl=de.tudarmstadt.ukp.dkpro.core.api.lexmorph.type.pos.PR
Pg-mda=de.tudarmstadt.ukp.dkpro.core.api.lexmorph.type.pos.PR
Pd-fsn=de.tudarmstadt.ukp.dkpro.core.api.lexmorph.type.pos.PR
Ps1fslp=de.tudarmstadt.ukp.dkpro.core.api.lexmorph.type.pos.PR
Pr-nsg=de.tudarmstadt.ukp.dkpro.core.api.lexmorph.type.pos.PR
Pp3fpl=de.tudarmstadt.ukp.dkpro.core.api.lexmorph.type.pos.PR
Pp1-si=de.tudarmstadt.ukp.dkpro.core.api.lexmorph.type.pos.PR
Px-fsi=de.tudarmstadt.ukp.dkpro.core.api.lexmorph.type.pos.PR
Ps3fplsm=de.tudarmstadt.ukp.dkpro.core.api.lexmorph.type.pos.PR
Ps2fsnp=de.tudarmstadt.ukp.dkpro.core.api.lexmorph.type.pos.PR
Pp3msi=de.tudarmstadt.ukp.dkpro.core.api.lexmorph.type.pos.PR
Pz-fpg=de.tudarmstadt.ukp.dkpro.core.api.lexmorph.type.pos.PR
Pp3npa--y=de.tudarmstadt.ukp.dkpro.core.api.lexmorph.type.pos.PR
Ps3nslp=de.tudarmstadt.ukp.dkpro.core.api.lexmorph.type.pos.PR
Ps1msgp=de.tudarmstadt.ukp.dkpro.core.api.lexmorph.type.pos.PR
Pz-nsn=de.tudarmstadt.ukp.dkpro.core.api.lexmorph.type.pos.PR
Pq-fpi=de.tudarmstadt.ukp.dkpro.core.api.lexmorph.type.pos.PR
Ps2mpgp=de.tudarmstadt.ukp.dkpro.core.api.lexmorph.type.pos.PR
Ps3fpgp=de.tudarmstadt.ukp.dkpro.core.api.lexmorph.type.pos.PR
Pg-fdi=de.tudarmstadt.ukp.dkpro.core.api.lexmorph.type.pos.PR
Pq-msa=de.tudarmstadt.ukp.dkpro.core.api.lexmorph.type.pos.PR
Pg-npg=de.tudarmstadt.ukp.dkpro.core.api.lexmorph.type.pos.PR
Ps1npap=de.tudarmstadt.ukp.dkpro.core.api.lexmorph.type.pos.PR
Ps1msas=de.tudarmstadt.ukp.dkpro.core.api.lexmorph.type.pos.PR
Ps1msap=de.tudarmstadt.ukp.dkpro.core.api.lexmorph.type.pos.PR
Ps3nsdp=de.tudarmstadt.ukp.dkpro.core.api.lexmorph.type.pos.PR
Pg-mpi=de.tudarmstadt.ukp.dkpro.core.api.lexmorph.type.pos.PR
Ps3fpgsm=de.tudarmstadt.ukp.dkpro.core.api.lexmorph.type.pos.PR
Px---l=de.tudarmstadt.ukp.dkpro.core.api.lexmorph.type.pos.PR
Pg-nsn=de.tudarmstadt.ukp.dkpro.core.api.lexmorph.type.pos.PR
Pg-fdn=de.tudarmstadt.ukp.dkpro.core.api.lexmorph.type.pos.PR
Pg-msg=de.tudarmstadt.ukp.dkpro.core.api.lexmorph.type.pos.PR
Pi-fsa=de.tudarmstadt.ukp.dkpro.core.api.lexmorph.type.pos.PR
Ps3fsip=de.tudarmstadt.ukp.dkpro.core.api.lexmorph.type.pos.PR
Ps2mslp=de.tudarmstadt.ukp.dkpro.core.api.lexmorph.type.pos.PR
Pg-msl=de.tudarmstadt.ukp.dkpro.core.api.lexmorph.type.pos.PR
Pg-fda=de.tudarmstadt.ukp.dkpro.core.api.lexmorph.type.pos.PR
Pd-mpd=de.tudarmstadt.ukp.dkpro.core.api.lexmorph.type.pos.PR
Pp1-pl=de.tudarmstadt.ukp.dkpro.core.api.lexmorph.type.pos.PR
Ps2mpnp=de.tudarmstadt.ukp.dkpro.core.api.lexmorph.type.pos.PR
Pd-nsg=de.tudarmstadt.ukp.dkpro.core.api.lexmorph.type.pos.PR
Ps2mplp=de.tudarmstadt.ukp.dkpro.core.api.lexmorph.type.pos.PR
Ps3fpgsf=de.tudarmstadt.ukp.dkpro.core.api.lexmorph.type.pos.PR
Ps1nsnp=de.tudarmstadt.ukp.dkpro.core.api.lexmorph.type.pos.PR
Ps3msnp=de.tudarmstadt.ukp.dkpro.core.api.lexmorph.type.pos.PR
Pp2-sa--y=de.tudarmstadt.ukp.dkpro.core.api.lexmorph.type.pos.PR
Pp2-si=de.tudarmstadt.ukp.dkpro.core.api.lexmorph.type.pos.PR
Ps1mpgp=de.tudarmstadt.ukp.dkpro.core.api.lexmorph.type.pos.PR
Pg-npl=de.tudarmstadt.ukp.dkpro.core.api.lexmorph.type.pos.PR
Pi-fsi=de.tudarmstadt.ukp.dkpro.core.api.lexmorph.type.pos.PR
Ps3fpnp=de.tudarmstadt.ukp.dkpro.core.api.lexmorph.type.pos.PR
Pp2mpn=de.tudarmstadt.ukp.dkpro.core.api.lexmorph.type.pos.PR
Px---i=de.tudarmstadt.ukp.dkpro.core.api.lexmorph.type.pos.PR
Px-nsi=de.tudarmstadt.ukp.dkpro.core.api.lexmorph.type.pos.PR
Ps3msnsm=de.tudarmstadt.ukp.dkpro.core.api.lexmorph.type.pos.PR
Ps3nsgd=de.tudarmstadt.ukp.dkpro.core.api.lexmorph.type.pos.PR
Pd-nsa=de.tudarmstadt.ukp.dkpro.core.api.lexmorph.type.pos.PR
Ps3npgsf=de.tudarmstadt.ukp.dkpro.core.api.lexmorph.type.pos.PR
Pq-npl=de.tudarmstadt.ukp.dkpro.core.api.lexmorph.type.pos.PR
Ps2mpap=de.tudarmstadt.ukp.dkpro.core.api.lexmorph.type.pos.PR
Ps3msnd=de.tudarmstadt.ukp.dkpro.core.api.lexmorph.type.pos.PR
Pp3fsi=de.tudarmstadt.ukp.dkpro.core.api.lexmorph.type.pos.PR
Pi-nsl=de.tudarmstadt.ukp.dkpro.core.api.lexmorph.type.pos.PR
Pp3mpd--y=de.tudarmstadt.ukp.dkpro.core.api.lexmorph.type.pos.PR
Pd-fdl=de.tudarmstadt.ukp.dkpro.core.api.lexmorph.type.pos.PR
Px-mpl=de.tudarmstadt.ukp.dkpro.core.api.lexmorph.type.pos.PR
Ps3nsad=de.tudarmstadt.ukp.dkpro.core.api.lexmorph.type.pos.PR
Pq-mpn=de.tudarmstadt.ukp.dkpro.core.api.lexmorph.type.pos.PR
Pp2-pg=de.tudarmstadt.ukp.dkpro.core.api.lexmorph.type.pos.PR
Pg-mdn=de.tudarmstadt.ukp.dkpro.core.api.lexmorph.type.pos.PR
Pg-nsd=de.tudarmstadt.ukp.dkpro.core.api.lexmorph.type.pos.PR
Pi-mpg=de.tudarmstadt.ukp.dkpro.core.api.lexmorph.type.pos.PR
Ps3npnsm=de.tudarmstadt.ukp.dkpro.core.api.lexmorph.type.pos.PR
Ps1fplp=de.tudarmstadt.ukp.dkpro.core.api.lexmorph.type.pos.PR
Pd-fpi=de.tudarmstadt.ukp.dkpro.core.api.lexmorph.type.pos.PR
Pp3nsa--y=de.tudarmstadt.ukp.dkpro.core.api.lexmorph.type.pos.PR
Pp3fsd=de.tudarmstadt.ukp.dkpro.core.api.lexmorph.type.pos.PR
Pg-msi=de.tudarmstadt.ukp.dkpro.core.api.lexmorph.type.pos.PR
Pd-msg=de.tudarmstadt.ukp.dkpro.core.api.lexmorph.type.pos.PR
Pq-npn=de.tudarmstadt.ukp.dkpro.core.api.lexmorph.type.pos.PR
Ps2fpgp=de.tudarmstadt.ukp.dkpro.core.api.lexmorph.type.pos.PR
Ps2fsls=de.tudarmstadt.ukp.dkpro.core.api.lexmorph.type.pos.PR
Ps3mslp=de.tudarmstadt.ukp.dkpro.core.api.lexmorph.type.pos.PR
Pi-msi=de.tudarmstadt.ukp.dkpro.core.api.lexmorph.type.pos.PR
Ps3npgd=de.tudarmstadt.ukp.dkpro.core.api.lexmorph.type.pos.PR
Ps3npgsm=de.tudarmstadt.ukp.dkpro.core.api.lexmorph.type.pos.PR
Pd-fdg=de.tudarmstadt.ukp.dkpro.core.api.lexmorph.type.pos.PR
Ps1fsgp=de.tudarmstadt.ukp.dkpro.core.api.lexmorph.type.pos.PR
Pq-fsi=de.tudarmstadt.ukp.dkpro.core.api.lexmorph.type.pos.PR
Ps3mpisf=de.tudarmstadt.ukp.dkpro.core.api.lexmorph.type.pos.PR
Pp3fsd--y=de.tudarmstadt.ukp.dkpro.core.api.lexmorph.type.pos.PR
Ps3mslsf=de.tudarmstadt.ukp.dkpro.core.api.lexmorph.type.pos.PR
Px-msg=de.tudarmstadt.ukp.dkpro.core.api.lexmorph.type.pos.PR
Pp3nsg--y=de.tudarmstadt.ukp.dkpro.core.api.lexmorph.type.pos.PR
Ps2fsns=de.tudarmstadt.ukp.dkpro.core.api.lexmorph.type.pos.PR
Pz-nsd=de.tudarmstadt.ukp.dkpro.core.api.lexmorph.type.pos.PR
Px---d--y=de.tudarmstadt.ukp.dkpro.core.api.lexmorph.type.pos.PR
Px-msl=de.tudarmstadt.ukp.dkpro.core.api.lexmorph.type.pos.PR
Pp3npi=de.tudarmstadt.ukp.dkpro.core.api.lexmorph.type.pos.PR
Pp3fda--b=de.tudarmstadt.ukp.dkpro.core.api.lexmorph.type.pos.PR
Pi-mpa=de.tudarmstadt.ukp.dkpro.core.api.lexmorph.type.pos.PR
Pg-mpa=de.tudarmstadt.ukp.dkpro.core.api.lexmorph.type.pos.PR
Pd-fsg=de.tudarmstadt.ukp.dkpro.core.api.lexmorph.type.pos.PR
Pp3msl=de.tudarmstadt.ukp.dkpro.core.api.lexmorph.type.pos.PR
Q=de.tudarmstadt.ukp.dkpro.core.api.lexmorph.type.pos.PRT
$=de.tudarmstadt.ukp.dkpro.core.api.lexmorph.type.pos.PUNC
-=de.tudarmstadt.ukp.dkpro.core.api.lexmorph.type.pos.PUNC
?=de.tudarmstadt.ukp.dkpro.core.api.lexmorph.type.pos.PUNC
I=de.tudarmstadt.ukp.dkpro.core.api.lexmorph.type.pos.PUNC
&=de.tudarmstadt.ukp.dkpro.core.api.lexmorph.type.pos.PUNC
;=de.tudarmstadt.ukp.dkpro.core.api.lexmorph.type.pos.PUNC
X=de.tudarmstadt.ukp.dkpro.core.api.lexmorph.type.pos.PUNC
:=de.tudarmstadt.ukp.dkpro.core.api.lexmorph.type.pos.PUNC
%=de.tudarmstadt.ukp.dkpro.core.api.lexmorph.type.pos.PUNC
!=de.tudarmstadt.ukp.dkpro.core.api.lexmorph.type.pos.PUNC
Y=de.tudarmstadt.ukp.dkpro.core.api.lexmorph.type.pos.PUNC
)=de.tudarmstadt.ukp.dkpro.core.api.lexmorph.type.pos.PUNC
"=de.tudarmstadt.ukp.dkpro.core.api.lexmorph.type.pos.PUNC
(=de.tudarmstadt.ukp.dkpro.core.api.lexmorph.type.pos.PUNC
.=de.tudarmstadt.ukp.dkpro.core.api.lexmorph.type.pos.PUNC
'=de.tudarmstadt.ukp.dkpro.core.api.lexmorph.type.pos.PUNC
Vmpr2s-n=de.tudarmstadt.ukp.dkpro.core.api.lexmorph.type.pos.V
Va-p-sf=de.tudarmstadt.ukp.dkpro.core.api.lexmorph.type.pos.V
Va-f2s-n=de.tudarmstadt.ukp.dkpro.core.api.lexmorph.type.pos.V
Vmbm2s=de.tudarmstadt.ukp.dkpro.core.api.lexmorph.type.pos.V
Vmbp-sf=de.tudarmstadt.ukp.dkpro.core.api.lexmorph.type.pos.V
Va-f3p-n=de.tudarmstadt.ukp.dkpro.core.api.lexmorph.type.pos.V
Vmpm2s=de.tudarmstadt.ukp.dkpro.core.api.lexmorph.type.pos.V
Vmpr2s-y=de.tudarmstadt.ukp.dkpro.core.api.lexmorph.type.pos.V
Vmpr1p-y=de.tudarmstadt.ukp.dkpro.core.api.lexmorph.type.pos.V
Vmpr3p-y=de.tudarmstadt.ukp.dkpro.core.api.lexmorph.type.pos.V
Vmbp-dm=de.tudarmstadt.ukp.dkpro.core.api.lexmorph.type.pos.V
Vmem2s=de.tudarmstadt.ukp.dkpro.core.api.lexmorph.type.pos.V
Vmep-df=de.tudarmstadt.ukp.dkpro.core.api.lexmorph.type.pos.V
Vmer3d=de.tudarmstadt.ukp.dkpro.core.api.lexmorph.type.pos.V
Vmpm1p=de.tudarmstadt.ukp.dkpro.core.api.lexmorph.type.pos.V
Vmer2d=de.tudarmstadt.ukp.dkpro.core.api.lexmorph.type.pos.V
Vmpr3s-y=de.tudarmstadt.ukp.dkpro.core.api.lexmorph.type.pos.V
Va-f2p-n=de.tudarmstadt.ukp.dkpro.core.api.lexmorph.type.pos.V
Vmbp-sn=de.tudarmstadt.ukp.dkpro.core.api.lexmorph.type.pos.V
Vmpr1s=de.tudarmstadt.ukp.dkpro.core.api.lexmorph.type.pos.V
Va-r3s-y=de.tudarmstadt.ukp.dkpro.core.api.lexmorph.type.pos.V
Va-n=de.tudarmstadt.ukp.dkpro.core.api.lexmorph.type.pos.V
Va-p-sm=de.tudarmstadt.ukp.dkpro.core.api.lexmorph.type.pos.V
Vmbr2p=de.tudarmstadt.ukp.dkpro.core.api.lexmorph.type.pos.V
Vmbr2d=de.tudarmstadt.ukp.dkpro.core.api.lexmorph.type.pos.V
Va-r1s-n=de.tudarmstadt.ukp.dkpro.core.api.lexmorph.type.pos.V
Vmpp-df=de.tudarmstadt.ukp.dkpro.core.api.lexmorph.type.pos.V
Vmer2p=de.tudarmstadt.ukp.dkpro.core.api.lexmorph.type.pos.V
Vmbr2s=de.tudarmstadt.ukp.dkpro.core.api.lexmorph.type.pos.V
Vmep-dm=de.tudarmstadt.ukp.dkpro.core.api.lexmorph.type.pos.V
Vmpp-pn=de.tudarmstadt.ukp.dkpro.core.api.lexmorph.type.pos.V
Va-r1p-y=de.tudarmstadt.ukp.dkpro.core.api.lexmorph.type.pos.V
Vmpm2p=de.tudarmstadt.ukp.dkpro.core.api.lexmorph.type.pos.V
Vmpp-dm=de.tudarmstadt.ukp.dkpro.core.api.lexmorph.type.pos.V
Vmpr2p=de.tudarmstadt.ukp.dkpro.core.api.lexmorph.type.pos.V
Va-r1s-y=de.tudarmstadt.ukp.dkpro.core.api.lexmorph.type.pos.V
Va-r2p-n=de.tudarmstadt.ukp.dkpro.core.api.lexmorph.type.pos.V
Vmpr2p-y=de.tudarmstadt.ukp.dkpro.core.api.lexmorph.type.pos.V
Vmer2s=de.tudarmstadt.ukp.dkpro.core.api.lexmorph.type.pos.V
Vmep-pn=de.tudarmstadt.ukp.dkpro.core.api.lexmorph.type.pos.V
Va-p-pf=de.tudarmstadt.ukp.dkpro.core.api.lexmorph.type.pos.V
Vmer1d=de.tudarmstadt.ukp.dkpro.core.api.lexmorph.type.pos.V
Vmpp-sm=de.tudarmstadt.ukp.dkpro.core.api.lexmorph.type.pos.V
Vmep-pm=de.tudarmstadt.ukp.dkpro.core.api.lexmorph.type.pos.V
Vmer1s=de.tudarmstadt.ukp.dkpro.core.api.lexmorph.type.pos.V
Va-f3d-n=de.tudarmstadt.ukp.dkpro.core.api.lexmorph.type.pos.V
Vmbm2p=de.tudarmstadt.ukp.dkpro.core.api.lexmorph.type.pos.V
Va-r1p-n=de.tudarmstadt.ukp.dkpro.core.api.lexmorph.type.pos.V
Vmer3p=de.tudarmstadt.ukp.dkpro.core.api.lexmorph.type.pos.V
Vmpp-sn=de.tudarmstadt.ukp.dkpro.core.api.lexmorph.type.pos.V
Vmpr1s-n=de.tudarmstadt.ukp.dkpro.core.api.lexmorph.type.pos.V
Vmbp-df=de.tudarmstadt.ukp.dkpro.core.api.lexmorph.type.pos.V
Va-r2s-n=de.tudarmstadt.ukp.dkpro.core.api.lexmorph.type.pos.V
Vmbr3d=de.tudarmstadt.ukp.dkpro.core.api.lexmorph.type.pos.V
Vmpr2s=de.tudarmstadt.ukp.dkpro.core.api.lexmorph.type.pos.V
Vmpp-dn=de.tudarmstadt.ukp.dkpro.core.api.lexmorph.type.pos.V
Vmpr3s=de.tudarmstadt.ukp.dkpro.core.api.lexmorph.type.pos.V
Vmbr1s=de.tudarmstadt.ukp.dkpro.core.api.lexmorph.type.pos.V
Vmpu=de.tudarmstadt.ukp.dkpro.core.api.lexmorph.type.pos.V
Va-r3d-y=de.tudarmstadt.ukp.dkpro.core.api.lexmorph.type.pos.V
Vmbr1d=de.tudarmstadt.ukp.dkpro.core.api.lexmorph.type.pos.V
Va-p-df=de.tudarmstadt.ukp.dkpro.core.api.lexmorph.type.pos.V
Vmep-sf=de.tudarmstadt.ukp.dkpro.core.api.lexmorph.type.pos.V
Vmpr1p=de.tudarmstadt.ukp.dkpro.core.api.lexmorph.type.pos.V
Vmep-sn=de.tudarmstadt.ukp.dkpro.core.api.lexmorph.type.pos.V
Va-r3p-y=de.tudarmstadt.ukp.dkpro.core.api.lexmorph.type.pos.V
Vmpr2d=de.tudarmstadt.ukp.dkpro.core.api.lexmorph.type.pos.V
Va-r2p-y=de.tudarmstadt.ukp.dkpro.core.api.lexmorph.type.pos.V
Va-r1d-n=de.tudarmstadt.ukp.dkpro.core.api.lexmorph.type.pos.V
Vmpr1p-n=de.tudarmstadt.ukp.dkpro.core.api.lexmorph.type.pos.V
Vmep-sm=de.tudarmstadt.ukp.dkpro.core.api.lexmorph.type.pos.V
Va-f3s-n=de.tudarmstadt.ukp.dkpro.core.api.lexmorph.type.pos.V
Vmpr3p-n=de.tudarmstadt.ukp.dkpro.core.api.lexmorph.type.pos.V
Vmem2p=de.tudarmstadt.ukp.dkpro.core.api.lexmorph.type.pos.V
Va-f1p-n=de.tudarmstadt.ukp.dkpro.core.api.lexmorph.type.pos.V
Vmpn=de.tudarmstadt.ukp.dkpro.core.api.lexmorph.type.pos.V
Vmbr1p=de.tudarmstadt.ukp.dkpro.core.api.lexmorph.type.pos.V
Va-r3s-n=de.tudarmstadt.ukp.dkpro.core.api.lexmorph.type.pos.V
Vmer3s=de.tudarmstadt.ukp.dkpro.core.api.lexmorph.type.pos.V
Va-f1s-n=de.tudarmstadt.ukp.dkpro.core.api.lexmorph.type.pos.V
Va-m2p=de.tudarmstadt.ukp.dkpro.core.api.lexmorph.type.pos.V
Vmpr2p-n=de.tudarmstadt.ukp.dkpro.core.api.lexmorph.type.pos.V
Va-p-pm=de.tudarmstadt.ukp.dkpro.core.api.lexmorph.type.pos.V
Vmbp-pm=de.tudarmstadt.ukp.dkpro.core.api.lexmorph.type.pos.V
Vmep-pf=de.tudarmstadt.ukp.dkpro.core.api.lexmorph.type.pos.V
Vmem1p=de.tudarmstadt.ukp.dkpro.core.api.lexmorph.type.pos.V
Vmpp-sf=de.tudarmstadt.ukp.dkpro.core.api.lexmorph.type.pos.V
Vmbn=de.tudarmstadt.ukp.dkpro.core.api.lexmorph.type.pos.V
Vmbm1p=de.tudarmstadt.ukp.dkpro.core.api.lexmorph.type.pos.V
Vmpr3d=de.tudarmstadt.ukp.dkpro.core.api.lexmorph.type.pos.V
Vmpr3s-n=de.tudarmstadt.ukp.dkpro.core.api.lexmorph.type.pos.V
Vmbp-sm=de.tudarmstadt.ukp.dkpro.core.api.lexmorph.type.pos.V
Vmen=de.tudarmstadt.ukp.dkpro.core.api.lexmorph.type.pos.V
Vmbp-pf=de.tudarmstadt.ukp.dkpro.core.api.lexmorph.type.pos.V
Va-p-pn=de.tudarmstadt.ukp.dkpro.core.api.lexmorph.type.pos.V
Va-r3d-n=de.tudarmstadt.ukp.dkpro.core.api.lexmorph.type.pos.V
Va-c=de.tudarmstadt.ukp.dkpro.core.api.lexmorph.type.pos.V
Vmbr3s=de.tudarmstadt.ukp.dkpro.core.api.lexmorph.type.pos.V
Va-r2s-y=de.tudarmstadt.ukp.dkpro.core.api.lexmorph.type.pos.V
Vmpp-pm=de.tudarmstadt.ukp.dkpro.core.api.lexmorph.type.pos.V
Vmpr3d-n=de.tudarmstadt.ukp.dkpro.core.api.lexmorph.type.pos.V
Vmbr3p=de.tudarmstadt.ukp.dkpro.core.api.lexmorph.type.pos.V
Vmpr3p=de.tudarmstadt.ukp.dkpro.core.api.lexmorph.type.pos.V
Va-p-sn=de.tudarmstadt.ukp.dkpro.core.api.lexmorph.type.pos.V
Va-r3p-n=de.tudarmstadt.ukp.dkpro.core.api.lexmorph.type.pos.V
Va-p-dm=de.tudarmstadt.ukp.dkpro.core.api.lexmorph.type.pos.V
Va-r1d-y=de.tudarmstadt.ukp.dkpro.core.api.lexmorph.type.pos.V
Vmer1p=de.tudarmstadt.ukp.dkpro.core.api.lexmorph.type.pos.V
Va-f1s-y=de.tudarmstadt.ukp.dkpro.core.api.lexmorph.type.pos.V
Vmeu=de.tudarmstadt.ukp.dkpro.core.api.lexmorph.type.pos.V
Vmep-dn=de.tudarmstadt.ukp.dkpro.core.api.lexmorph.type.pos.V
Vmpp-pf=de.tudarmstadt.ukp.dkpro.core.api.lexmorph.type.pos.V
